using python: /home1/hahall/.conda/envs/optical_reef/bin/python
=== stage 1: trying rand_fraction=0.1 (10 attempts) ===
>> fetching Gaia DR3 slice (rand_fraction=0.1) ...
>> querying ESA archive (5 attempts max) ...
   ESA archive: attempt 1/5 failed (HTTPError: 500); retrying in 15s ...
   ESA archive: attempt 2/5 failed (HTTPError: 500); retrying in 30s ...
   ESA archive: attempt 3/5 failed (HTTPError: 500); retrying in 60s ...
   ESA archive: attempt 4/5 failed (HTTPError: 500); retrying in 120s ...
   ESA archive: still failing after 5 attempts
>> querying mirror https://gaia.ari.uni-heidelberg.de/tap (10 attempts max) ...
404 Error 404: No result identified with "result" in the job "1789319240757"!
   mirror https://gaia.ari.uni-heidelberg.de/tap: hard error (HTTPError: Error 404: No result identified with "result" in the job "1789319240757"!); skipping this server
Traceback (most recent call last):
  File "/home1/hahall/OpticalReefUseCase2/OpticalReefUseCase2/run.py", line 141, in <module>
    main()
  File "/home1/hahall/OpticalReefUseCase2/OpticalReefUseCase2/run.py", line 121, in main
    catalog.fetch_catalog(cfg.survey, args.rand_fraction, fetch_path,
  File "/home1/hahall/OpticalReefUseCase2/OpticalReefUseCase2/catalog.py", line 162, in fetch_catalog
    raise RuntimeError(f"all TAP servers failed; last error: {last_exc}")
RuntimeError: all TAP servers failed; last error: Error 404: No result identified with "result" in the job "1789319240757"!
=== stage 1 failed (rc=1); falling back to rand_fraction=0.03 ===
>> fetching Gaia DR3 slice (rand_fraction=0.03) ...
>> querying ESA archive (5 attempts max) ...
   ESA archive: attempt 1/5 failed (HTTPError: 500); retrying in 15s ...
   ESA archive: attempt 2/5 failed (HTTPError: 500); retrying in 30s ...
   ESA archive: attempt 3/5 failed (HTTPError: 500); retrying in 60s ...
   ESA archive: attempt 4/5 failed (HTTPError: 500); retrying in 120s ...
   ESA archive: still failing after 5 attempts
>> querying mirror https://gaia.ari.uni-heidelberg.de/tap (250 attempts max) ...
404 Error 404: No result identified with "result" in the job "1789322182555"!
   mirror https://gaia.ari.uni-heidelberg.de/tap: hard error (HTTPError: Error 404: No result identified with "result" in the job "1789322182555"!); skipping this server
Traceback (most recent call last):
  File "/home1/hahall/OpticalReefUseCase2/OpticalReefUseCase2/run.py", line 141, in <module>
    main()
  File "/home1/hahall/OpticalReefUseCase2/OpticalReefUseCase2/run.py", line 121, in main
    catalog.fetch_catalog(cfg.survey, args.rand_fraction, fetch_path,
  File "/home1/hahall/OpticalReefUseCase2/OpticalReefUseCase2/catalog.py", line 162, in fetch_catalog
    raise RuntimeError(f"all TAP servers failed; last error: {last_exc}")
RuntimeError: all TAP servers failed; last error: Error 404: No result identified with "result" in the job "1789322182555"!
FETCH FAILED after both fractions; the archive is likely still down.
