using python: /home1/hahall/.conda/envs/optical_reef/bin/python
>> model: 30,000 sim stars (of 80,778 full), 600 draws | design D=15.0m contrast=1e-10 k_OWA=32 t=360min
>> shard 19/20: 75 of 1500 draws
   shard19 [    1/75   1.3%] |----------------------------| elapsed    16s  eta  1214s
   shard19 [    2/75   2.7%] |----------------------------| elapsed    33s  eta  1200s
   shard19 [    3/75   4.0%] |#---------------------------| elapsed    49s  eta  1184s
   shard19 [    4/75   5.3%] |#---------------------------| elapsed    66s  eta  1168s
   shard19 [    5/75   6.7%] |#---------------------------| elapsed    82s  eta  1151s
   shard19 [    6/75   8.0%] |##--------------------------| elapsed    99s  eta  1135s
   shard19 [    7/75   9.3%] |##--------------------------| elapsed   115s  eta  1119s
   shard19 [    8/75  10.7%] |##--------------------------| elapsed   132s  eta  1102s
   shard19 [    9/75  12.0%] |###-------------------------| elapsed   148s  eta  1086s
   shard19 [   10/75  13.3%] |###-------------------------| elapsed   164s  eta  1069s
   shard19 [   11/75  14.7%] |####------------------------| elapsed   181s  eta  1050s
   shard19 [   12/75  16.0%] |####------------------------| elapsed   197s  eta  1033s
   shard19 [   13/75  17.3%] |####------------------------| elapsed   213s  eta  1016s
   shard19 [   14/75  18.7%] |#####-----------------------| elapsed   229s  eta   999s
   shard19 [   15/75  20.0%] |#####-----------------------| elapsed   246s  eta   982s
   shard19 [   16/75  21.3%] |#####-----------------------| elapsed   262s  eta   965s
   shard19 [   17/75  22.7%] |######----------------------| elapsed   278s  eta   949s
   shard19 [   18/75  24.0%] |######----------------------| elapsed   294s  eta   932s
   shard19 [   19/75  25.3%] |#######---------------------| elapsed   311s  eta   916s
   shard19 [   20/75  26.7%] |#######---------------------| elapsed   327s  eta   900s
   shard19 [   21/75  28.0%] |#######---------------------| elapsed   343s  eta   883s
   shard19 [   22/75  29.3%] |########--------------------| elapsed   360s  eta   867s
   shard19 [   23/75  30.7%] |########--------------------| elapsed   376s  eta   850s
   shard19 [   24/75  32.0%] |########--------------------| elapsed   392s  eta   834s
   shard19 [   25/75  33.3%] |#########-------------------| elapsed   409s  eta   817s
   shard19 [   26/75  34.7%] |#########-------------------| elapsed   425s  eta   801s
   shard19 [   27/75  36.0%] |##########------------------| elapsed   441s  eta   785s
   shard19 [   28/75  37.3%] |##########------------------| elapsed   458s  eta   769s
   shard19 [   29/75  38.7%] |##########------------------| elapsed   474s  eta   752s
   shard19 [   30/75  40.0%] |###########-----------------| elapsed   491s  eta   736s
   shard19 [   31/75  41.3%] |###########-----------------| elapsed   507s  eta   720s
   shard19 [   32/75  42.7%] |###########-----------------| elapsed   524s  eta   704s
   shard19 [   33/75  44.0%] |############----------------| elapsed   540s  eta   688s
   shard19 [   34/75  45.3%] |############----------------| elapsed   557s  eta   672s
   shard19 [   35/75  46.7%] |#############---------------| elapsed   574s  eta   656s
   shard19 [   36/75  48.0%] |#############---------------| elapsed   591s  eta   640s
   shard19 [   37/75  49.3%] |#############---------------| elapsed   607s  eta   624s
   shard19 [   38/75  50.7%] |##############--------------| elapsed   624s  eta   608s
   shard19 [   39/75  52.0%] |##############--------------| elapsed   641s  eta   592s
   shard19 [   40/75  53.3%] |##############--------------| elapsed   658s  eta   576s
   shard19 [   41/75  54.7%] |###############-------------| elapsed   675s  eta   560s
   shard19 [   42/75  56.0%] |###############-------------| elapsed   692s  eta   544s
   shard19 [   43/75  57.3%] |################------------| elapsed   710s  eta   528s
   shard19 [   44/75  58.7%] |################------------| elapsed   727s  eta   512s
   shard19 [   45/75  60.0%] |################------------| elapsed   744s  eta   496s
   shard19 [   46/75  61.3%] |#################-----------| elapsed   761s  eta   480s
   shard19 [   47/75  62.7%] |#################-----------| elapsed   778s  eta   463s
   shard19 [   48/75  64.0%] |#################-----------| elapsed   795s  eta   447s
   shard19 [   49/75  65.3%] |##################----------| elapsed   812s  eta   431s
   shard19 [   50/75  66.7%] |##################----------| elapsed   829s  eta   415s
   shard19 [   51/75  68.0%] |###################---------| elapsed   846s  eta   398s
   shard19 [   52/75  69.3%] |###################---------| elapsed   863s  eta   382s
   shard19 [   53/75  70.7%] |###################---------| elapsed   880s  eta   365s
   shard19 [   54/75  72.0%] |####################--------| elapsed   897s  eta   349s
   shard19 [   55/75  73.3%] |####################--------| elapsed   914s  eta   333s
   shard19 [   56/75  74.7%] |####################--------| elapsed   932s  eta   316s
   shard19 [   57/75  76.0%] |#####################-------| elapsed   949s  eta   300s
   shard19 [   58/75  77.3%] |#####################-------| elapsed   966s  eta   283s
   shard19 [   59/75  78.7%] |######################------| elapsed   983s  eta   267s
   shard19 [   60/75  80.0%] |######################------| elapsed  1000s  eta   250s
   shard19 [   61/75  81.3%] |######################------| elapsed  1017s  eta   233s
   shard19 [   62/75  82.7%] |#######################-----| elapsed  1034s  eta   217s
   shard19 [   63/75  84.0%] |#######################-----| elapsed  1051s  eta   200s
   shard19 [   64/75  85.3%] |#######################-----| elapsed  1068s  eta   183s
   shard19 [   65/75  86.7%] |########################----| elapsed  1084s  eta   167s
   shard19 [   66/75  88.0%] |########################----| elapsed  1101s  eta   150s
   shard19 [   67/75  89.3%] |#########################---| elapsed  1119s  eta   134s
   shard19 [   68/75  90.7%] |#########################---| elapsed  1136s  eta   117s
   shard19 [   69/75  92.0%] |#########################---| elapsed  1153s  eta   100s
   shard19 [   70/75  93.3%] |##########################--| elapsed  1170s  eta    84s
   shard19 [   71/75  94.7%] |##########################--| elapsed  1187s  eta    67s
   shard19 [   72/75  96.0%] |##########################--| elapsed  1204s  eta    50s
   shard19 [   73/75  97.3%] |###########################-| elapsed  1221s  eta    33s
   shard19 [   74/75  98.7%] |###########################-| elapsed  1238s  eta    17s
   shard19 [   75/75 100.0%] |############################| elapsed  1255s  eta     0s
>> wrote /home1/hahall/OpticalReefUseCase2/OpticalReefUseCase2/parts_sens/part_0019.npz
