using python: /home1/hahall/.conda/envs/optical_reef/bin/python
>> model: 30,000 sim stars (of 80,778 full), 600 draws | design D=15.0m contrast=1e-10 k_OWA=32 t=360min
>> shard 5/20: 75 of 1500 draws
   shard5 [    1/75   1.3%] |----------------------------| elapsed    20s  eta  1488s
   shard5 [    2/75   2.7%] |----------------------------| elapsed    39s  eta  1436s
   shard5 [    3/75   4.0%] |#---------------------------| elapsed    59s  eta  1414s
   shard5 [    4/75   5.3%] |#---------------------------| elapsed    78s  eta  1386s
   shard5 [    5/75   6.7%] |#---------------------------| elapsed    97s  eta  1363s
   shard5 [    6/75   8.0%] |##--------------------------| elapsed   117s  eta  1345s
   shard5 [    7/75   9.3%] |##--------------------------| elapsed   136s  eta  1322s
   shard5 [    8/75  10.7%] |##--------------------------| elapsed   155s  eta  1301s
   shard5 [    9/75  12.0%] |###-------------------------| elapsed   175s  eta  1280s
   shard5 [   10/75  13.3%] |###-------------------------| elapsed   194s  eta  1260s
   shard5 [   11/75  14.7%] |####------------------------| elapsed   213s  eta  1238s
   shard5 [   12/75  16.0%] |####------------------------| elapsed   232s  eta  1220s
   shard5 [   13/75  17.3%] |####------------------------| elapsed   251s  eta  1199s
   shard5 [   14/75  18.7%] |#####-----------------------| elapsed   270s  eta  1178s
   shard5 [   15/75  20.0%] |#####-----------------------| elapsed   290s  eta  1160s
   shard5 [   16/75  21.3%] |#####-----------------------| elapsed   309s  eta  1139s
   shard5 [   17/75  22.7%] |######----------------------| elapsed   328s  eta  1120s
   shard5 [   18/75  24.0%] |######----------------------| elapsed   348s  eta  1101s
   shard5 [   19/75  25.3%] |#######---------------------| elapsed   367s  eta  1081s
   shard5 [   20/75  26.7%] |#######---------------------| elapsed   386s  eta  1063s
   shard5 [   21/75  28.0%] |#######---------------------| elapsed   406s  eta  1044s
   shard5 [   22/75  29.3%] |########--------------------| elapsed   425s  eta  1024s
   shard5 [   23/75  30.7%] |########--------------------| elapsed   445s  eta  1006s
   shard5 [   24/75  32.0%] |########--------------------| elapsed   465s  eta   988s
   shard5 [   25/75  33.3%] |#########-------------------| elapsed   484s  eta   967s
   shard5 [   26/75  34.7%] |#########-------------------| elapsed   503s  eta   948s
   shard5 [   27/75  36.0%] |##########------------------| elapsed   522s  eta   929s
   shard5 [   28/75  37.3%] |##########------------------| elapsed   542s  eta   910s
   shard5 [   29/75  38.7%] |##########------------------| elapsed   562s  eta   892s
   shard5 [   30/75  40.0%] |###########-----------------| elapsed   582s  eta   872s
   shard5 [   31/75  41.3%] |###########-----------------| elapsed   602s  eta   854s
   shard5 [   32/75  42.7%] |###########-----------------| elapsed   621s  eta   834s
   shard5 [   33/75  44.0%] |############----------------| elapsed   640s  eta   815s
   shard5 [   34/75  45.3%] |############----------------| elapsed   660s  eta   796s
   shard5 [   35/75  46.7%] |#############---------------| elapsed   679s  eta   776s
   shard5 [   36/75  48.0%] |#############---------------| elapsed   699s  eta   757s
   shard5 [   37/75  49.3%] |#############---------------| elapsed   719s  eta   738s
   shard5 [   38/75  50.7%] |##############--------------| elapsed   738s  eta   718s
   shard5 [   39/75  52.0%] |##############--------------| elapsed   757s  eta   699s
   shard5 [   40/75  53.3%] |##############--------------| elapsed   776s  eta   679s
   shard5 [   41/75  54.7%] |###############-------------| elapsed   795s  eta   660s
   shard5 [   42/75  56.0%] |###############-------------| elapsed   814s  eta   640s
   shard5 [   43/75  57.3%] |################------------| elapsed   833s  eta   620s
   shard5 [   44/75  58.7%] |################------------| elapsed   851s  eta   600s
   shard5 [   45/75  60.0%] |################------------| elapsed   870s  eta   580s
   shard5 [   46/75  61.3%] |#################-----------| elapsed   889s  eta   560s
   shard5 [   47/75  62.7%] |#################-----------| elapsed   908s  eta   541s
   shard5 [   48/75  64.0%] |#################-----------| elapsed   928s  eta   522s
   shard5 [   49/75  65.3%] |##################----------| elapsed   947s  eta   502s
   shard5 [   50/75  66.7%] |##################----------| elapsed   966s  eta   483s
   shard5 [   51/75  68.0%] |###################---------| elapsed   985s  eta   463s
   shard5 [   52/75  69.3%] |###################---------| elapsed  1004s  eta   444s
   shard5 [   53/75  70.7%] |###################---------| elapsed  1023s  eta   425s
   shard5 [   54/75  72.0%] |####################--------| elapsed  1042s  eta   405s
   shard5 [   55/75  73.3%] |####################--------| elapsed  1061s  eta   386s
   shard5 [   56/75  74.7%] |####################--------| elapsed  1080s  eta   366s
   shard5 [   57/75  76.0%] |#####################-------| elapsed  1099s  eta   347s
   shard5 [   58/75  77.3%] |#####################-------| elapsed  1118s  eta   328s
   shard5 [   59/75  78.7%] |######################------| elapsed  1137s  eta   308s
   shard5 [   60/75  80.0%] |######################------| elapsed  1156s  eta   289s
   shard5 [   61/75  81.3%] |######################------| elapsed  1176s  eta   270s
   shard5 [   62/75  82.7%] |#######################-----| elapsed  1195s  eta   251s
   shard5 [   63/75  84.0%] |#######################-----| elapsed  1214s  eta   231s
   shard5 [   64/75  85.3%] |#######################-----| elapsed  1234s  eta   212s
   shard5 [   65/75  86.7%] |########################----| elapsed  1253s  eta   193s
   shard5 [   66/75  88.0%] |########################----| elapsed  1272s  eta   173s
   shard5 [   67/75  89.3%] |#########################---| elapsed  1290s  eta   154s
   shard5 [   68/75  90.7%] |#########################---| elapsed  1310s  eta   135s
   shard5 [   69/75  92.0%] |#########################---| elapsed  1329s  eta   116s
   shard5 [   70/75  93.3%] |##########################--| elapsed  1348s  eta    96s
   shard5 [   71/75  94.7%] |##########################--| elapsed  1368s  eta    77s
   shard5 [   72/75  96.0%] |##########################--| elapsed  1387s  eta    58s
   shard5 [   73/75  97.3%] |###########################-| elapsed  1407s  eta    39s
   shard5 [   74/75  98.7%] |###########################-| elapsed  1426s  eta    19s
   shard5 [   75/75 100.0%] |############################| elapsed  1445s  eta     0s
>> wrote /home1/hahall/OpticalReefUseCase2/OpticalReefUseCase2/parts_sens/part_0005.npz
