using python: /home1/hahall/.conda/envs/optical_reef/bin/python
>> model: 30,000 sim stars (of 80,778 full), 600 draws | design D=15.0m contrast=1e-10 k_OWA=32 t=360min
>> shard 15/20: 75 of 1500 draws
   shard15 [    1/75   1.3%] |----------------------------| elapsed    32s  eta  2335s
   shard15 [    2/75   2.7%] |----------------------------| elapsed    62s  eta  2256s
   shard15 [    3/75   4.0%] |#---------------------------| elapsed    92s  eta  2206s
   shard15 [    4/75   5.3%] |#---------------------------| elapsed   122s  eta  2167s
   shard15 [    5/75   6.7%] |#---------------------------| elapsed   152s  eta  2126s
   shard15 [    6/75   8.0%] |##--------------------------| elapsed   182s  eta  2094s
   shard15 [    7/75   9.3%] |##--------------------------| elapsed   212s  eta  2064s
   shard15 [    8/75  10.7%] |##--------------------------| elapsed   243s  eta  2033s
   shard15 [    9/75  12.0%] |###-------------------------| elapsed   273s  eta  2003s
   shard15 [   10/75  13.3%] |###-------------------------| elapsed   303s  eta  1972s
   shard15 [   11/75  14.7%] |####------------------------| elapsed   334s  eta  1942s
   shard15 [   12/75  16.0%] |####------------------------| elapsed   364s  eta  1912s
   shard15 [   13/75  17.3%] |####------------------------| elapsed   395s  eta  1882s
   shard15 [   14/75  18.7%] |#####-----------------------| elapsed   425s  eta  1850s
   shard15 [   15/75  20.0%] |#####-----------------------| elapsed   455s  eta  1820s
   shard15 [   16/75  21.3%] |#####-----------------------| elapsed   485s  eta  1790s
   shard15 [   17/75  22.7%] |######----------------------| elapsed   516s  eta  1759s
   shard15 [   18/75  24.0%] |######----------------------| elapsed   546s  eta  1728s
   shard15 [   19/75  25.3%] |#######---------------------| elapsed   576s  eta  1697s
   shard15 [   20/75  26.7%] |#######---------------------| elapsed   606s  eta  1666s
   shard15 [   21/75  28.0%] |#######---------------------| elapsed   636s  eta  1635s
   shard15 [   22/75  29.3%] |########--------------------| elapsed   666s  eta  1604s
   shard15 [   23/75  30.7%] |########--------------------| elapsed   696s  eta  1574s
   shard15 [   24/75  32.0%] |########--------------------| elapsed   726s  eta  1543s
   shard15 [   25/75  33.3%] |#########-------------------| elapsed   756s  eta  1513s
   shard15 [   26/75  34.7%] |#########-------------------| elapsed   786s  eta  1482s
   shard15 [   27/75  36.0%] |##########------------------| elapsed   817s  eta  1452s
   shard15 [   28/75  37.3%] |##########------------------| elapsed   847s  eta  1421s
   shard15 [   29/75  38.7%] |##########------------------| elapsed   877s  eta  1391s
   shard15 [   30/75  40.0%] |###########-----------------| elapsed   907s  eta  1360s
   shard15 [   31/75  41.3%] |###########-----------------| elapsed   937s  eta  1330s
   shard15 [   32/75  42.7%] |###########-----------------| elapsed   968s  eta  1300s
   shard15 [   33/75  44.0%] |############----------------| elapsed   998s  eta  1270s
   shard15 [   34/75  45.3%] |############----------------| elapsed  1028s  eta  1239s
   shard15 [   35/75  46.7%] |#############---------------| elapsed  1057s  eta  1208s
   shard15 [   36/75  48.0%] |#############---------------| elapsed  1087s  eta  1178s
   shard15 [   37/75  49.3%] |#############---------------| elapsed  1117s  eta  1147s
   shard15 [   38/75  50.7%] |##############--------------| elapsed  1147s  eta  1117s
   shard15 [   39/75  52.0%] |##############--------------| elapsed  1178s  eta  1087s
   shard15 [   40/75  53.3%] |##############--------------| elapsed  1207s  eta  1056s
   shard15 [   41/75  54.7%] |###############-------------| elapsed  1237s  eta  1026s
   shard15 [   42/75  56.0%] |###############-------------| elapsed  1266s  eta   995s
   shard15 [   43/75  57.3%] |################------------| elapsed  1296s  eta   965s
   shard15 [   44/75  58.7%] |################------------| elapsed  1326s  eta   934s
   shard15 [   45/75  60.0%] |################------------| elapsed  1355s  eta   904s
   shard15 [   46/75  61.3%] |#################-----------| elapsed  1385s  eta   873s
   shard15 [   47/75  62.7%] |#################-----------| elapsed  1415s  eta   843s
   shard15 [   48/75  64.0%] |#################-----------| elapsed  1444s  eta   812s
   shard15 [   49/75  65.3%] |##################----------| elapsed  1474s  eta   782s
   shard15 [   50/75  66.7%] |##################----------| elapsed  1504s  eta   752s
   shard15 [   51/75  68.0%] |###################---------| elapsed  1533s  eta   722s
   shard15 [   52/75  69.3%] |###################---------| elapsed  1563s  eta   691s
   shard15 [   53/75  70.7%] |###################---------| elapsed  1593s  eta   661s
   shard15 [   54/75  72.0%] |####################--------| elapsed  1622s  eta   631s
   shard15 [   55/75  73.3%] |####################--------| elapsed  1651s  eta   601s
   shard15 [   56/75  74.7%] |####################--------| elapsed  1681s  eta   570s
   shard15 [   57/75  76.0%] |#####################-------| elapsed  1711s  eta   540s
   shard15 [   58/75  77.3%] |#####################-------| elapsed  1741s  eta   510s
   shard15 [   59/75  78.7%] |######################------| elapsed  1770s  eta   480s
   shard15 [   60/75  80.0%] |######################------| elapsed  1800s  eta   450s
   shard15 [   61/75  81.3%] |######################------| elapsed  1829s  eta   420s
   shard15 [   62/75  82.7%] |#######################-----| elapsed  1859s  eta   390s
   shard15 [   63/75  84.0%] |#######################-----| elapsed  1889s  eta   360s
   shard15 [   64/75  85.3%] |#######################-----| elapsed  1919s  eta   330s
   shard15 [   65/75  86.7%] |########################----| elapsed  1948s  eta   300s
   shard15 [   66/75  88.0%] |########################----| elapsed  1978s  eta   270s
   shard15 [   67/75  89.3%] |#########################---| elapsed  2007s  eta   240s
   shard15 [   68/75  90.7%] |#########################---| elapsed  2036s  eta   210s
   shard15 [   69/75  92.0%] |#########################---| elapsed  2066s  eta   180s
   shard15 [   70/75  93.3%] |##########################--| elapsed  2095s  eta   150s
   shard15 [   71/75  94.7%] |##########################--| elapsed  2125s  eta   120s
   shard15 [   72/75  96.0%] |##########################--| elapsed  2154s  eta    90s
   shard15 [   73/75  97.3%] |###########################-| elapsed  2183s  eta    60s
   shard15 [   74/75  98.7%] |###########################-| elapsed  2213s  eta    30s
   shard15 [   75/75 100.0%] |############################| elapsed  2242s  eta     0s
>> wrote /home1/hahall/OpticalReefUseCase2/OpticalReefUseCase2/parts_sens/part_0015.npz
