using python: /home1/hahall/.conda/envs/optical_reef/bin/python
>> model: 30,000 sim stars (of 80,778 full), 600 draws | design D=15.0m contrast=1e-10 k_OWA=32 t=360min
>> shard 0/20: 75 of 1500 draws
   shard0 [    1/75   1.3%] |----------------------------| elapsed    16s  eta  1167s
   shard0 [    2/75   2.7%] |----------------------------| elapsed    32s  eta  1152s
   shard0 [    3/75   4.0%] |#---------------------------| elapsed    47s  eta  1136s
   shard0 [    4/75   5.3%] |#---------------------------| elapsed    63s  eta  1119s
   shard0 [    5/75   6.7%] |#---------------------------| elapsed    79s  eta  1103s
   shard0 [    6/75   8.0%] |##--------------------------| elapsed    94s  eta  1087s
   shard0 [    7/75   9.3%] |##--------------------------| elapsed   110s  eta  1071s
   shard0 [    8/75  10.7%] |##--------------------------| elapsed   126s  eta  1055s
   shard0 [    9/75  12.0%] |###-------------------------| elapsed   142s  eta  1039s
   shard0 [   10/75  13.3%] |###-------------------------| elapsed   158s  eta  1024s
   shard0 [   11/75  14.7%] |####------------------------| elapsed   173s  eta  1009s
   shard0 [   12/75  16.0%] |####------------------------| elapsed   189s  eta   994s
   shard0 [   13/75  17.3%] |####------------------------| elapsed   205s  eta   979s
   shard0 [   14/75  18.7%] |#####-----------------------| elapsed   221s  eta   964s
   shard0 [   15/75  20.0%] |#####-----------------------| elapsed   237s  eta   948s
   shard0 [   16/75  21.3%] |#####-----------------------| elapsed   253s  eta   933s
   shard0 [   17/75  22.7%] |######----------------------| elapsed   269s  eta   917s
   shard0 [   18/75  24.0%] |######----------------------| elapsed   285s  eta   902s
   shard0 [   19/75  25.3%] |#######---------------------| elapsed   301s  eta   886s
   shard0 [   20/75  26.7%] |#######---------------------| elapsed   316s  eta   870s
   shard0 [   21/75  28.0%] |#######---------------------| elapsed   332s  eta   855s
   shard0 [   22/75  29.3%] |########--------------------| elapsed   348s  eta   839s
   shard0 [   23/75  30.7%] |########--------------------| elapsed   364s  eta   823s
   shard0 [   24/75  32.0%] |########--------------------| elapsed   380s  eta   808s
   shard0 [   25/75  33.3%] |#########-------------------| elapsed   396s  eta   792s
   shard0 [   26/75  34.7%] |#########-------------------| elapsed   412s  eta   776s
   shard0 [   27/75  36.0%] |##########------------------| elapsed   428s  eta   760s
   shard0 [   28/75  37.3%] |##########------------------| elapsed   444s  eta   745s
   shard0 [   29/75  38.7%] |##########------------------| elapsed   459s  eta   729s
   shard0 [   30/75  40.0%] |###########-----------------| elapsed   475s  eta   713s
   shard0 [   31/75  41.3%] |###########-----------------| elapsed   491s  eta   697s
   shard0 [   32/75  42.7%] |###########-----------------| elapsed   507s  eta   681s
   shard0 [   33/75  44.0%] |############----------------| elapsed   523s  eta   666s
   shard0 [   34/75  45.3%] |############----------------| elapsed   539s  eta   650s
   shard0 [   35/75  46.7%] |#############---------------| elapsed   555s  eta   634s
   shard0 [   36/75  48.0%] |#############---------------| elapsed   571s  eta   618s
   shard0 [   37/75  49.3%] |#############---------------| elapsed   586s  eta   602s
   shard0 [   38/75  50.7%] |##############--------------| elapsed   602s  eta   586s
   shard0 [   39/75  52.0%] |##############--------------| elapsed   618s  eta   571s
   shard0 [   40/75  53.3%] |##############--------------| elapsed   634s  eta   555s
   shard0 [   41/75  54.7%] |###############-------------| elapsed   650s  eta   539s
   shard0 [   42/75  56.0%] |###############-------------| elapsed   666s  eta   523s
   shard0 [   43/75  57.3%] |################------------| elapsed   682s  eta   507s
   shard0 [   44/75  58.7%] |################------------| elapsed   698s  eta   492s
   shard0 [   45/75  60.0%] |################------------| elapsed   714s  eta   476s
   shard0 [   46/75  61.3%] |#################-----------| elapsed   730s  eta   460s
   shard0 [   47/75  62.7%] |#################-----------| elapsed   746s  eta   444s
   shard0 [   48/75  64.0%] |#################-----------| elapsed   761s  eta   428s
   shard0 [   49/75  65.3%] |##################----------| elapsed   777s  eta   412s
   shard0 [   50/75  66.7%] |##################----------| elapsed   793s  eta   397s
   shard0 [   51/75  68.0%] |###################---------| elapsed   809s  eta   381s
   shard0 [   52/75  69.3%] |###################---------| elapsed   825s  eta   365s
   shard0 [   53/75  70.7%] |###################---------| elapsed   841s  eta   349s
   shard0 [   54/75  72.0%] |####################--------| elapsed   856s  eta   333s
   shard0 [   55/75  73.3%] |####################--------| elapsed   872s  eta   317s
   shard0 [   56/75  74.7%] |####################--------| elapsed   888s  eta   301s
   shard0 [   57/75  76.0%] |#####################-------| elapsed   904s  eta   285s
   shard0 [   58/75  77.3%] |#####################-------| elapsed   919s  eta   269s
   shard0 [   59/75  78.7%] |######################------| elapsed   935s  eta   254s
   shard0 [   60/75  80.0%] |######################------| elapsed   951s  eta   238s
   shard0 [   61/75  81.3%] |######################------| elapsed   966s  eta   222s
   shard0 [   62/75  82.7%] |#######################-----| elapsed   982s  eta   206s
   shard0 [   63/75  84.0%] |#######################-----| elapsed   998s  eta   190s
   shard0 [   64/75  85.3%] |#######################-----| elapsed  1014s  eta   174s
   shard0 [   65/75  86.7%] |########################----| elapsed  1029s  eta   158s
   shard0 [   66/75  88.0%] |########################----| elapsed  1045s  eta   143s
   shard0 [   67/75  89.3%] |#########################---| elapsed  1061s  eta   127s
   shard0 [   68/75  90.7%] |#########################---| elapsed  1077s  eta   111s
   shard0 [   69/75  92.0%] |#########################---| elapsed  1093s  eta    95s
   shard0 [   70/75  93.3%] |##########################--| elapsed  1109s  eta    79s
   shard0 [   71/75  94.7%] |##########################--| elapsed  1125s  eta    63s
   shard0 [   72/75  96.0%] |##########################--| elapsed  1141s  eta    48s
   shard0 [   73/75  97.3%] |###########################-| elapsed  1157s  eta    32s
   shard0 [   74/75  98.7%] |###########################-| elapsed  1173s  eta    16s
   shard0 [   75/75 100.0%] |############################| elapsed  1189s  eta     0s
>> wrote /home1/hahall/OpticalReefUseCase2/OpticalReefUseCase2/parts_sens/part_0000.npz
