using python: /home1/hahall/.conda/envs/optical_reef/bin/python
>> model: 30,000 sim stars (of 80,778 full), 600 draws | design D=15.0m contrast=1e-10 k_OWA=32 t=360min
>> shard 7/20: 75 of 1500 draws
   shard7 [    1/75   1.3%] |----------------------------| elapsed    16s  eta  1159s
   shard7 [    2/75   2.7%] |----------------------------| elapsed    31s  eta  1143s
   shard7 [    3/75   4.0%] |#---------------------------| elapsed    47s  eta  1127s
   shard7 [    4/75   5.3%] |#---------------------------| elapsed    63s  eta  1112s
   shard7 [    5/75   6.7%] |#---------------------------| elapsed    78s  eta  1096s
   shard7 [    6/75   8.0%] |##--------------------------| elapsed    94s  eta  1080s
   shard7 [    7/75   9.3%] |##--------------------------| elapsed   110s  eta  1064s
   shard7 [    8/75  10.7%] |##--------------------------| elapsed   125s  eta  1049s
   shard7 [    9/75  12.0%] |###-------------------------| elapsed   141s  eta  1033s
   shard7 [   10/75  13.3%] |###-------------------------| elapsed   156s  eta  1017s
   shard7 [   11/75  14.7%] |####------------------------| elapsed   172s  eta  1002s
   shard7 [   12/75  16.0%] |####------------------------| elapsed   188s  eta   986s
   shard7 [   13/75  17.3%] |####------------------------| elapsed   203s  eta   970s
   shard7 [   14/75  18.7%] |#####-----------------------| elapsed   219s  eta   955s
   shard7 [   15/75  20.0%] |#####-----------------------| elapsed   235s  eta   939s
   shard7 [   16/75  21.3%] |#####-----------------------| elapsed   250s  eta   923s
   shard7 [   17/75  22.7%] |######----------------------| elapsed   266s  eta   908s
   shard7 [   18/75  24.0%] |######----------------------| elapsed   282s  eta   892s
   shard7 [   19/75  25.3%] |#######---------------------| elapsed   297s  eta   877s
   shard7 [   20/75  26.7%] |#######---------------------| elapsed   313s  eta   861s
   shard7 [   21/75  28.0%] |#######---------------------| elapsed   329s  eta   845s
   shard7 [   22/75  29.3%] |########--------------------| elapsed   344s  eta   829s
   shard7 [   23/75  30.7%] |########--------------------| elapsed   360s  eta   814s
   shard7 [   24/75  32.0%] |########--------------------| elapsed   376s  eta   798s
   shard7 [   25/75  33.3%] |#########-------------------| elapsed   391s  eta   782s
   shard7 [   26/75  34.7%] |#########-------------------| elapsed   407s  eta   767s
   shard7 [   27/75  36.0%] |##########------------------| elapsed   423s  eta   751s
   shard7 [   28/75  37.3%] |##########------------------| elapsed   438s  eta   735s
   shard7 [   29/75  38.7%] |##########------------------| elapsed   454s  eta   720s
   shard7 [   30/75  40.0%] |###########-----------------| elapsed   469s  eta   704s
   shard7 [   31/75  41.3%] |###########-----------------| elapsed   485s  eta   688s
   shard7 [   32/75  42.7%] |###########-----------------| elapsed   501s  eta   673s
   shard7 [   33/75  44.0%] |############----------------| elapsed   516s  eta   657s
   shard7 [   34/75  45.3%] |############----------------| elapsed   532s  eta   642s
   shard7 [   35/75  46.7%] |#############---------------| elapsed   548s  eta   626s
   shard7 [   36/75  48.0%] |#############---------------| elapsed   563s  eta   610s
   shard7 [   37/75  49.3%] |#############---------------| elapsed   579s  eta   595s
   shard7 [   38/75  50.7%] |##############--------------| elapsed   595s  eta   579s
   shard7 [   39/75  52.0%] |##############--------------| elapsed   610s  eta   563s
   shard7 [   40/75  53.3%] |##############--------------| elapsed   626s  eta   548s
   shard7 [   41/75  54.7%] |###############-------------| elapsed   642s  eta   532s
   shard7 [   42/75  56.0%] |###############-------------| elapsed   657s  eta   517s
   shard7 [   43/75  57.3%] |################------------| elapsed   673s  eta   501s
   shard7 [   44/75  58.7%] |################------------| elapsed   689s  eta   485s
   shard7 [   45/75  60.0%] |################------------| elapsed   704s  eta   470s
   shard7 [   46/75  61.3%] |#################-----------| elapsed   720s  eta   454s
   shard7 [   47/75  62.7%] |#################-----------| elapsed   736s  eta   438s
   shard7 [   48/75  64.0%] |#################-----------| elapsed   751s  eta   423s
   shard7 [   49/75  65.3%] |##################----------| elapsed   767s  eta   407s
   shard7 [   50/75  66.7%] |##################----------| elapsed   784s  eta   392s
   shard7 [   51/75  68.0%] |###################---------| elapsed   800s  eta   376s
   shard7 [   52/75  69.3%] |###################---------| elapsed   816s  eta   361s
   shard7 [   53/75  70.7%] |###################---------| elapsed   832s  eta   345s
   shard7 [   54/75  72.0%] |####################--------| elapsed   848s  eta   330s
   shard7 [   55/75  73.3%] |####################--------| elapsed   864s  eta   314s
   shard7 [   56/75  74.7%] |####################--------| elapsed   880s  eta   299s
   shard7 [   57/75  76.0%] |#####################-------| elapsed   896s  eta   283s
   shard7 [   58/75  77.3%] |#####################-------| elapsed   912s  eta   267s
   shard7 [   59/75  78.7%] |######################------| elapsed   928s  eta   252s
   shard7 [   60/75  80.0%] |######################------| elapsed   944s  eta   236s
   shard7 [   61/75  81.3%] |######################------| elapsed   961s  eta   220s
   shard7 [   62/75  82.7%] |#######################-----| elapsed   977s  eta   205s
   shard7 [   63/75  84.0%] |#######################-----| elapsed   993s  eta   189s
   shard7 [   64/75  85.3%] |#######################-----| elapsed  1009s  eta   173s
   shard7 [   65/75  86.7%] |########################----| elapsed  1025s  eta   158s
   shard7 [   66/75  88.0%] |########################----| elapsed  1041s  eta   142s
   shard7 [   67/75  89.3%] |#########################---| elapsed  1057s  eta   126s
   shard7 [   68/75  90.7%] |#########################---| elapsed  1073s  eta   110s
   shard7 [   69/75  92.0%] |#########################---| elapsed  1089s  eta    95s
   shard7 [   70/75  93.3%] |##########################--| elapsed  1105s  eta    79s
   shard7 [   71/75  94.7%] |##########################--| elapsed  1122s  eta    63s
   shard7 [   72/75  96.0%] |##########################--| elapsed  1138s  eta    47s
   shard7 [   73/75  97.3%] |###########################-| elapsed  1154s  eta    32s
   shard7 [   74/75  98.7%] |###########################-| elapsed  1170s  eta    16s
   shard7 [   75/75 100.0%] |############################| elapsed  1186s  eta     0s
>> wrote /home1/hahall/OpticalReefUseCase2/OpticalReefUseCase2/parts_sens/part_0007.npz
