using python: /home1/hahall/.conda/envs/optical_reef/bin/python
>> model: 30,000 sim stars (of 80,778 full), 600 draws | design D=15.0m contrast=1e-10 k_OWA=32 t=360min
>> shard 12/20: 75 of 1500 draws
   shard12 [    1/75   1.3%] |----------------------------| elapsed    24s  eta  1790s
   shard12 [    2/75   2.7%] |----------------------------| elapsed    71s  eta  2596s
   shard12 [    3/75   4.0%] |#---------------------------| elapsed    94s  eta  2258s
   shard12 [    4/75   5.3%] |#---------------------------| elapsed   114s  eta  2028s
   shard12 [    5/75   6.7%] |#---------------------------| elapsed   134s  eta  1876s
   shard12 [    6/75   8.0%] |##--------------------------| elapsed   158s  eta  1821s
   shard12 [    7/75   9.3%] |##--------------------------| elapsed   181s  eta  1758s
   shard12 [    8/75  10.7%] |##--------------------------| elapsed   208s  eta  1745s
   shard12 [    9/75  12.0%] |###-------------------------| elapsed   228s  eta  1674s
   shard12 [   10/75  13.3%] |###-------------------------| elapsed   248s  eta  1613s
   shard12 [   11/75  14.7%] |####------------------------| elapsed   268s  eta  1560s
   shard12 [   12/75  16.0%] |####------------------------| elapsed   289s  eta  1515s
   shard12 [   13/75  17.3%] |####------------------------| elapsed   309s  eta  1475s
   shard12 [   14/75  18.7%] |#####-----------------------| elapsed   329s  eta  1432s
   shard12 [   15/75  20.0%] |#####-----------------------| elapsed   349s  eta  1394s
   shard12 [   16/75  21.3%] |#####-----------------------| elapsed   369s  eta  1360s
   shard12 [   17/75  22.7%] |######----------------------| elapsed   389s  eta  1328s
   shard12 [   18/75  24.0%] |######----------------------| elapsed   410s  eta  1297s
   shard12 [   19/75  25.3%] |#######---------------------| elapsed   431s  eta  1272s
   shard12 [   20/75  26.7%] |#######---------------------| elapsed   455s  eta  1253s
   shard12 [   21/75  28.0%] |#######---------------------| elapsed   476s  eta  1224s
   shard12 [   22/75  29.3%] |########--------------------| elapsed   496s  eta  1195s
   shard12 [   23/75  30.7%] |########--------------------| elapsed   516s  eta  1167s
   shard12 [   24/75  32.0%] |########--------------------| elapsed   536s  eta  1139s
   shard12 [   25/75  33.3%] |#########-------------------| elapsed   556s  eta  1113s
   shard12 [   26/75  34.7%] |#########-------------------| elapsed   577s  eta  1087s
   shard12 [   27/75  36.0%] |##########------------------| elapsed   597s  eta  1062s
   shard12 [   28/75  37.3%] |##########------------------| elapsed   618s  eta  1038s
   shard12 [   29/75  38.7%] |##########------------------| elapsed   639s  eta  1013s
   shard12 [   30/75  40.0%] |###########-----------------| elapsed   659s  eta   988s
   shard12 [   31/75  41.3%] |###########-----------------| elapsed   679s  eta   963s
   shard12 [   32/75  42.7%] |###########-----------------| elapsed   699s  eta   939s
   shard12 [   33/75  44.0%] |############----------------| elapsed   719s  eta   915s
   shard12 [   34/75  45.3%] |############----------------| elapsed   739s  eta   891s
   shard12 [   35/75  46.7%] |#############---------------| elapsed   760s  eta   868s
   shard12 [   36/75  48.0%] |#############---------------| elapsed   780s  eta   845s
   shard12 [   37/75  49.3%] |#############---------------| elapsed   800s  eta   822s
   shard12 [   38/75  50.7%] |##############--------------| elapsed   820s  eta   798s
   shard12 [   39/75  52.0%] |##############--------------| elapsed   842s  eta   777s
   shard12 [   40/75  53.3%] |##############--------------| elapsed   862s  eta   754s
   shard12 [   41/75  54.7%] |###############-------------| elapsed   881s  eta   731s
   shard12 [   42/75  56.0%] |###############-------------| elapsed   901s  eta   708s
   shard12 [   43/75  57.3%] |################------------| elapsed   921s  eta   685s
   shard12 [   44/75  58.7%] |################------------| elapsed   940s  eta   662s
   shard12 [   45/75  60.0%] |################------------| elapsed   960s  eta   640s
   shard12 [   46/75  61.3%] |#################-----------| elapsed   979s  eta   617s
   shard12 [   47/75  62.7%] |#################-----------| elapsed   998s  eta   595s
   shard12 [   48/75  64.0%] |#################-----------| elapsed  1018s  eta   572s
   shard12 [   49/75  65.3%] |##################----------| elapsed  1037s  eta   550s
   shard12 [   50/75  66.7%] |##################----------| elapsed  1056s  eta   528s
   shard12 [   51/75  68.0%] |###################---------| elapsed  1075s  eta   506s
   shard12 [   52/75  69.3%] |###################---------| elapsed  1094s  eta   484s
   shard12 [   53/75  70.7%] |###################---------| elapsed  1114s  eta   462s
   shard12 [   54/75  72.0%] |####################--------| elapsed  1132s  eta   440s
   shard12 [   55/75  73.3%] |####################--------| elapsed  1152s  eta   419s
   shard12 [   56/75  74.7%] |####################--------| elapsed  1171s  eta   397s
   shard12 [   57/75  76.0%] |#####################-------| elapsed  1191s  eta   376s
   shard12 [   58/75  77.3%] |#####################-------| elapsed  1211s  eta   355s
   shard12 [   59/75  78.7%] |######################------| elapsed  1230s  eta   334s
   shard12 [   60/75  80.0%] |######################------| elapsed  1250s  eta   312s
   shard12 [   61/75  81.3%] |######################------| elapsed  1270s  eta   291s
   shard12 [   62/75  82.7%] |#######################-----| elapsed  1290s  eta   270s
   shard12 [   63/75  84.0%] |#######################-----| elapsed  1309s  eta   249s
   shard12 [   64/75  85.3%] |#######################-----| elapsed  1328s  eta   228s
   shard12 [   65/75  86.7%] |########################----| elapsed  1347s  eta   207s
   shard12 [   66/75  88.0%] |########################----| elapsed  1367s  eta   186s
   shard12 [   67/75  89.3%] |#########################---| elapsed  1387s  eta   166s
   shard12 [   68/75  90.7%] |#########################---| elapsed  1407s  eta   145s
   shard12 [   69/75  92.0%] |#########################---| elapsed  1427s  eta   124s
   shard12 [   70/75  93.3%] |##########################--| elapsed  1446s  eta   103s
   shard12 [   71/75  94.7%] |##########################--| elapsed  1466s  eta    83s
   shard12 [   72/75  96.0%] |##########################--| elapsed  1486s  eta    62s
   shard12 [   73/75  97.3%] |###########################-| elapsed  1505s  eta    41s
   shard12 [   74/75  98.7%] |###########################-| elapsed  1525s  eta    21s
   shard12 [   75/75 100.0%] |############################| elapsed  1545s  eta     0s
>> wrote /home1/hahall/OpticalReefUseCase2/OpticalReefUseCase2/parts_sens/part_0012.npz
