using python: /home1/hahall/.conda/envs/optical_reef/bin/python
>> model: 30,000 sim stars (of 80,778 full), 600 draws | design D=15.0m contrast=1e-10 k_OWA=32 t=360min
>> shard 14/20: 75 of 1500 draws
   shard14 [    1/75   1.3%] |----------------------------| elapsed    27s  eta  1986s
   shard14 [    2/75   2.7%] |----------------------------| elapsed    53s  eta  1946s
   shard14 [    3/75   4.0%] |#---------------------------| elapsed    80s  eta  1915s
   shard14 [    4/75   5.3%] |#---------------------------| elapsed   106s  eta  1885s
   shard14 [    5/75   6.7%] |#---------------------------| elapsed   133s  eta  1862s
   shard14 [    6/75   8.0%] |##--------------------------| elapsed   160s  eta  1835s
   shard14 [    7/75   9.3%] |##--------------------------| elapsed   186s  eta  1810s
   shard14 [    8/75  10.7%] |##--------------------------| elapsed   213s  eta  1784s
   shard14 [    9/75  12.0%] |###-------------------------| elapsed   240s  eta  1758s
   shard14 [   10/75  13.3%] |###-------------------------| elapsed   266s  eta  1730s
   shard14 [   11/75  14.7%] |####------------------------| elapsed   293s  eta  1702s
   shard14 [   12/75  16.0%] |####------------------------| elapsed   319s  eta  1674s
   shard14 [   13/75  17.3%] |####------------------------| elapsed   346s  eta  1648s
   shard14 [   14/75  18.7%] |#####-----------------------| elapsed   372s  eta  1622s
   shard14 [   15/75  20.0%] |#####-----------------------| elapsed   399s  eta  1596s
   shard14 [   16/75  21.3%] |#####-----------------------| elapsed   426s  eta  1569s
   shard14 [   17/75  22.7%] |######----------------------| elapsed   452s  eta  1543s
   shard14 [   18/75  24.0%] |######----------------------| elapsed   477s  eta  1509s
   shard14 [   19/75  25.3%] |#######---------------------| elapsed   501s  eta  1476s
   shard14 [   20/75  26.7%] |#######---------------------| elapsed   525s  eta  1444s
   shard14 [   21/75  28.0%] |#######---------------------| elapsed   550s  eta  1413s
   shard14 [   22/75  29.3%] |########--------------------| elapsed   574s  eta  1382s
   shard14 [   23/75  30.7%] |########--------------------| elapsed   598s  eta  1352s
   shard14 [   24/75  32.0%] |########--------------------| elapsed   622s  eta  1323s
   shard14 [   25/75  33.3%] |#########-------------------| elapsed   647s  eta  1294s
   shard14 [   26/75  34.7%] |#########-------------------| elapsed   671s  eta  1265s
   shard14 [   27/75  36.0%] |##########------------------| elapsed   695s  eta  1236s
   shard14 [   28/75  37.3%] |##########------------------| elapsed   720s  eta  1208s
   shard14 [   29/75  38.7%] |##########------------------| elapsed   744s  eta  1180s
   shard14 [   30/75  40.0%] |###########-----------------| elapsed   768s  eta  1152s
   shard14 [   31/75  41.3%] |###########-----------------| elapsed   793s  eta  1125s
   shard14 [   32/75  42.7%] |###########-----------------| elapsed   817s  eta  1098s
   shard14 [   33/75  44.0%] |############----------------| elapsed   841s  eta  1071s
   shard14 [   34/75  45.3%] |############----------------| elapsed   866s  eta  1044s
   shard14 [   35/75  46.7%] |#############---------------| elapsed   890s  eta  1017s
   shard14 [   36/75  48.0%] |#############---------------| elapsed   914s  eta   990s
   shard14 [   37/75  49.3%] |#############---------------| elapsed   938s  eta   964s
   shard14 [   38/75  50.7%] |##############--------------| elapsed   963s  eta   937s
   shard14 [   39/75  52.0%] |##############--------------| elapsed   987s  eta   911s
   shard14 [   40/75  53.3%] |##############--------------| elapsed  1011s  eta   885s
   shard14 [   41/75  54.7%] |###############-------------| elapsed  1036s  eta   859s
   shard14 [   42/75  56.0%] |###############-------------| elapsed  1060s  eta   833s
   shard14 [   43/75  57.3%] |################------------| elapsed  1084s  eta   807s
   shard14 [   44/75  58.7%] |################------------| elapsed  1108s  eta   781s
   shard14 [   45/75  60.0%] |################------------| elapsed  1133s  eta   755s
   shard14 [   46/75  61.3%] |#################-----------| elapsed  1157s  eta   729s
   shard14 [   47/75  62.7%] |#################-----------| elapsed  1181s  eta   704s
   shard14 [   48/75  64.0%] |#################-----------| elapsed  1206s  eta   678s
   shard14 [   49/75  65.3%] |##################----------| elapsed  1230s  eta   653s
   shard14 [   50/75  66.7%] |##################----------| elapsed  1254s  eta   627s
   shard14 [   51/75  68.0%] |###################---------| elapsed  1278s  eta   602s
   shard14 [   52/75  69.3%] |###################---------| elapsed  1303s  eta   576s
   shard14 [   53/75  70.7%] |###################---------| elapsed  1327s  eta   551s
   shard14 [   54/75  72.0%] |####################--------| elapsed  1351s  eta   526s
   shard14 [   55/75  73.3%] |####################--------| elapsed  1376s  eta   500s
   shard14 [   56/75  74.7%] |####################--------| elapsed  1400s  eta   475s
   shard14 [   57/75  76.0%] |#####################-------| elapsed  1424s  eta   450s
   shard14 [   58/75  77.3%] |#####################-------| elapsed  1448s  eta   425s
   shard14 [   59/75  78.7%] |######################------| elapsed  1473s  eta   399s
   shard14 [   60/75  80.0%] |######################------| elapsed  1497s  eta   374s
   shard14 [   61/75  81.3%] |######################------| elapsed  1521s  eta   349s
   shard14 [   62/75  82.7%] |#######################-----| elapsed  1545s  eta   324s
   shard14 [   63/75  84.0%] |#######################-----| elapsed  1570s  eta   299s
   shard14 [   64/75  85.3%] |#######################-----| elapsed  1594s  eta   274s
   shard14 [   65/75  86.7%] |########################----| elapsed  1618s  eta   249s
   shard14 [   66/75  88.0%] |########################----| elapsed  1642s  eta   224s
   shard14 [   67/75  89.3%] |#########################---| elapsed  1666s  eta   199s
   shard14 [   68/75  90.7%] |#########################---| elapsed  1691s  eta   174s
   shard14 [   69/75  92.0%] |#########################---| elapsed  1715s  eta   149s
   shard14 [   70/75  93.3%] |##########################--| elapsed  1739s  eta   124s
   shard14 [   71/75  94.7%] |##########################--| elapsed  1764s  eta    99s
   shard14 [   72/75  96.0%] |##########################--| elapsed  1788s  eta    74s
   shard14 [   73/75  97.3%] |###########################-| elapsed  1812s  eta    50s
   shard14 [   74/75  98.7%] |###########################-| elapsed  1836s  eta    25s
   shard14 [   75/75 100.0%] |############################| elapsed  1861s  eta     0s
>> wrote /home1/hahall/OpticalReefUseCase2/OpticalReefUseCase2/parts_sens/part_0014.npz
