using python: /home1/hahall/.conda/envs/optical_reef/bin/python
>> model: 30,000 sim stars (of 80,778 full), 600 draws | design D=15.0m contrast=1e-10 k_OWA=32 t=360min
>> shard 8/20: 75 of 1500 draws
   shard8 [    1/75   1.3%] |----------------------------| elapsed    20s  eta  1474s
   shard8 [    2/75   2.7%] |----------------------------| elapsed    40s  eta  1452s
   shard8 [    3/75   4.0%] |#---------------------------| elapsed    60s  eta  1434s
   shard8 [    4/75   5.3%] |#---------------------------| elapsed    80s  eta  1418s
   shard8 [    5/75   6.7%] |#---------------------------| elapsed   100s  eta  1397s
   shard8 [    6/75   8.0%] |##--------------------------| elapsed   120s  eta  1380s
   shard8 [    7/75   9.3%] |##--------------------------| elapsed   140s  eta  1360s
   shard8 [    8/75  10.7%] |##--------------------------| elapsed   160s  eta  1338s
   shard8 [    9/75  12.0%] |###-------------------------| elapsed   179s  eta  1315s
   shard8 [   10/75  13.3%] |###-------------------------| elapsed   199s  eta  1294s
   shard8 [   11/75  14.7%] |####------------------------| elapsed   219s  eta  1274s
   shard8 [   12/75  16.0%] |####------------------------| elapsed   239s  eta  1253s
   shard8 [   13/75  17.3%] |####------------------------| elapsed   258s  eta  1233s
   shard8 [   14/75  18.7%] |#####-----------------------| elapsed   278s  eta  1212s
   shard8 [   15/75  20.0%] |#####-----------------------| elapsed   298s  eta  1190s
   shard8 [   16/75  21.3%] |#####-----------------------| elapsed   317s  eta  1169s
   shard8 [   17/75  22.7%] |######----------------------| elapsed   337s  eta  1149s
   shard8 [   18/75  24.0%] |######----------------------| elapsed   357s  eta  1129s
   shard8 [   19/75  25.3%] |#######---------------------| elapsed   376s  eta  1109s
   shard8 [   20/75  26.7%] |#######---------------------| elapsed   396s  eta  1089s
   shard8 [   21/75  28.0%] |#######---------------------| elapsed   416s  eta  1069s
   shard8 [   22/75  29.3%] |########--------------------| elapsed   435s  eta  1049s
   shard8 [   23/75  30.7%] |########--------------------| elapsed   455s  eta  1029s
   shard8 [   24/75  32.0%] |########--------------------| elapsed   475s  eta  1009s
   shard8 [   25/75  33.3%] |#########-------------------| elapsed   494s  eta   989s
   shard8 [   26/75  34.7%] |#########-------------------| elapsed   514s  eta   968s
   shard8 [   27/75  36.0%] |##########------------------| elapsed   533s  eta   948s
   shard8 [   28/75  37.3%] |##########------------------| elapsed   553s  eta   928s
   shard8 [   29/75  38.7%] |##########------------------| elapsed   572s  eta   907s
   shard8 [   30/75  40.0%] |###########-----------------| elapsed   592s  eta   887s
   shard8 [   31/75  41.3%] |###########-----------------| elapsed   611s  eta   868s
   shard8 [   32/75  42.7%] |###########-----------------| elapsed   631s  eta   848s
   shard8 [   33/75  44.0%] |############----------------| elapsed   651s  eta   828s
   shard8 [   34/75  45.3%] |############----------------| elapsed   670s  eta   808s
   shard8 [   35/75  46.7%] |#############---------------| elapsed   690s  eta   789s
   shard8 [   36/75  48.0%] |#############---------------| elapsed   710s  eta   769s
   shard8 [   37/75  49.3%] |#############---------------| elapsed   728s  eta   748s
   shard8 [   38/75  50.7%] |##############--------------| elapsed   744s  eta   725s
   shard8 [   39/75  52.0%] |##############--------------| elapsed   761s  eta   702s
   shard8 [   40/75  53.3%] |##############--------------| elapsed   777s  eta   680s
   shard8 [   41/75  54.7%] |###############-------------| elapsed   794s  eta   659s
   shard8 [   42/75  56.0%] |###############-------------| elapsed   811s  eta   637s
   shard8 [   43/75  57.3%] |################------------| elapsed   828s  eta   616s
   shard8 [   44/75  58.7%] |################------------| elapsed   844s  eta   595s
   shard8 [   45/75  60.0%] |################------------| elapsed   861s  eta   574s
   shard8 [   46/75  61.3%] |#################-----------| elapsed   877s  eta   553s
   shard8 [   47/75  62.7%] |#################-----------| elapsed   893s  eta   532s
   shard8 [   48/75  64.0%] |#################-----------| elapsed   910s  eta   512s
   shard8 [   49/75  65.3%] |##################----------| elapsed   926s  eta   491s
   shard8 [   50/75  66.7%] |##################----------| elapsed   942s  eta   471s
   shard8 [   51/75  68.0%] |###################---------| elapsed   959s  eta   451s
   shard8 [   52/75  69.3%] |###################---------| elapsed   976s  eta   432s
   shard8 [   53/75  70.7%] |###################---------| elapsed   992s  eta   412s
   shard8 [   54/75  72.0%] |####################--------| elapsed  1009s  eta   392s
   shard8 [   55/75  73.3%] |####################--------| elapsed  1026s  eta   373s
   shard8 [   56/75  74.7%] |####################--------| elapsed  1042s  eta   354s
   shard8 [   57/75  76.0%] |#####################-------| elapsed  1059s  eta   334s
   shard8 [   58/75  77.3%] |#####################-------| elapsed  1075s  eta   315s
   shard8 [   59/75  78.7%] |######################------| elapsed  1092s  eta   296s
   shard8 [   60/75  80.0%] |######################------| elapsed  1108s  eta   277s
   shard8 [   61/75  81.3%] |######################------| elapsed  1125s  eta   258s
   shard8 [   62/75  82.7%] |#######################-----| elapsed  1141s  eta   239s
   shard8 [   63/75  84.0%] |#######################-----| elapsed  1158s  eta   221s
   shard8 [   64/75  85.3%] |#######################-----| elapsed  1175s  eta   202s
   shard8 [   65/75  86.7%] |########################----| elapsed  1191s  eta   183s
   shard8 [   66/75  88.0%] |########################----| elapsed  1208s  eta   165s
   shard8 [   67/75  89.3%] |#########################---| elapsed  1225s  eta   146s
   shard8 [   68/75  90.7%] |#########################---| elapsed  1241s  eta   128s
   shard8 [   69/75  92.0%] |#########################---| elapsed  1257s  eta   109s
   shard8 [   70/75  93.3%] |##########################--| elapsed  1274s  eta    91s
   shard8 [   71/75  94.7%] |##########################--| elapsed  1290s  eta    73s
   shard8 [   72/75  96.0%] |##########################--| elapsed  1307s  eta    54s
   shard8 [   73/75  97.3%] |###########################-| elapsed  1324s  eta    36s
   shard8 [   74/75  98.7%] |###########################-| elapsed  1340s  eta    18s
   shard8 [   75/75 100.0%] |############################| elapsed  1357s  eta     0s
>> wrote /home1/hahall/OpticalReefUseCase2/OpticalReefUseCase2/parts_sens/part_0008.npz
