using python: /home1/hahall/.conda/envs/optical_reef/bin/python
>> model: 30,000 sim stars (of 80,778 full), 600 draws | design D=15.0m contrast=1e-10 k_OWA=32 t=360min
>> shard 9/20: 75 of 1500 draws
   shard9 [    1/75   1.3%] |----------------------------| elapsed    21s  eta  1545s
   shard9 [    2/75   2.7%] |----------------------------| elapsed    41s  eta  1486s
   shard9 [    3/75   4.0%] |#---------------------------| elapsed    59s  eta  1424s
   shard9 [    4/75   5.3%] |#---------------------------| elapsed    79s  eta  1401s
   shard9 [    5/75   6.7%] |#---------------------------| elapsed    98s  eta  1366s
   shard9 [    6/75   8.0%] |##--------------------------| elapsed   116s  eta  1337s
   shard9 [    7/75   9.3%] |##--------------------------| elapsed   135s  eta  1313s
   shard9 [    8/75  10.7%] |##--------------------------| elapsed   153s  eta  1281s
   shard9 [    9/75  12.0%] |###-------------------------| elapsed   170s  eta  1249s
   shard9 [   10/75  13.3%] |###-------------------------| elapsed   188s  eta  1220s
   shard9 [   11/75  14.7%] |####------------------------| elapsed   205s  eta  1193s
   shard9 [   12/75  16.0%] |####------------------------| elapsed   222s  eta  1166s
   shard9 [   13/75  17.3%] |####------------------------| elapsed   239s  eta  1141s
   shard9 [   14/75  18.7%] |#####-----------------------| elapsed   256s  eta  1117s
   shard9 [   15/75  20.0%] |#####-----------------------| elapsed   274s  eta  1097s
   shard9 [   16/75  21.3%] |#####-----------------------| elapsed   292s  eta  1075s
   shard9 [   17/75  22.7%] |######----------------------| elapsed   309s  eta  1054s
   shard9 [   18/75  24.0%] |######----------------------| elapsed   326s  eta  1032s
   shard9 [   19/75  25.3%] |#######---------------------| elapsed   343s  eta  1011s
   shard9 [   20/75  26.7%] |#######---------------------| elapsed   360s  eta   990s
   shard9 [   21/75  28.0%] |#######---------------------| elapsed   377s  eta   969s
   shard9 [   22/75  29.3%] |########--------------------| elapsed   396s  eta   953s
   shard9 [   23/75  30.7%] |########--------------------| elapsed   413s  eta   934s
   shard9 [   24/75  32.0%] |########--------------------| elapsed   430s  eta   914s
   shard9 [   25/75  33.3%] |#########-------------------| elapsed   447s  eta   894s
   shard9 [   26/75  34.7%] |#########-------------------| elapsed   464s  eta   875s
   shard9 [   27/75  36.0%] |##########------------------| elapsed   481s  eta   856s
   shard9 [   28/75  37.3%] |##########------------------| elapsed   498s  eta   837s
   shard9 [   29/75  38.7%] |##########------------------| elapsed   515s  eta   818s
   shard9 [   30/75  40.0%] |###########-----------------| elapsed   532s  eta   798s
   shard9 [   31/75  41.3%] |###########-----------------| elapsed   549s  eta   779s
   shard9 [   32/75  42.7%] |###########-----------------| elapsed   566s  eta   760s
   shard9 [   33/75  44.0%] |############----------------| elapsed   582s  eta   741s
   shard9 [   34/75  45.3%] |############----------------| elapsed   599s  eta   723s
   shard9 [   35/75  46.7%] |#############---------------| elapsed   616s  eta   704s
   shard9 [   36/75  48.0%] |#############---------------| elapsed   633s  eta   686s
   shard9 [   37/75  49.3%] |#############---------------| elapsed   650s  eta   667s
   shard9 [   38/75  50.7%] |##############--------------| elapsed   667s  eta   649s
   shard9 [   39/75  52.0%] |##############--------------| elapsed   683s  eta   631s
   shard9 [   40/75  53.3%] |##############--------------| elapsed   700s  eta   613s
   shard9 [   41/75  54.7%] |###############-------------| elapsed   717s  eta   595s
   shard9 [   42/75  56.0%] |###############-------------| elapsed   734s  eta   577s
   shard9 [   43/75  57.3%] |################------------| elapsed   751s  eta   559s
   shard9 [   44/75  58.7%] |################------------| elapsed   767s  eta   541s
   shard9 [   45/75  60.0%] |################------------| elapsed   784s  eta   523s
   shard9 [   46/75  61.3%] |#################-----------| elapsed   801s  eta   505s
   shard9 [   47/75  62.7%] |#################-----------| elapsed   818s  eta   487s
   shard9 [   48/75  64.0%] |#################-----------| elapsed   835s  eta   470s
   shard9 [   49/75  65.3%] |##################----------| elapsed   852s  eta   452s
   shard9 [   50/75  66.7%] |##################----------| elapsed   869s  eta   434s
   shard9 [   51/75  68.0%] |###################---------| elapsed   885s  eta   417s
   shard9 [   52/75  69.3%] |###################---------| elapsed   902s  eta   399s
   shard9 [   53/75  70.7%] |###################---------| elapsed   919s  eta   381s
   shard9 [   54/75  72.0%] |####################--------| elapsed   936s  eta   364s
   shard9 [   55/75  73.3%] |####################--------| elapsed   953s  eta   346s
   shard9 [   56/75  74.7%] |####################--------| elapsed   969s  eta   329s
   shard9 [   57/75  76.0%] |#####################-------| elapsed   986s  eta   311s
   shard9 [   58/75  77.3%] |#####################-------| elapsed  1003s  eta   294s
   shard9 [   59/75  78.7%] |######################------| elapsed  1019s  eta   276s
   shard9 [   60/75  80.0%] |######################------| elapsed  1036s  eta   259s
   shard9 [   61/75  81.3%] |######################------| elapsed  1053s  eta   242s
   shard9 [   62/75  82.7%] |#######################-----| elapsed  1070s  eta   224s
   shard9 [   63/75  84.0%] |#######################-----| elapsed  1087s  eta   207s
   shard9 [   64/75  85.3%] |#######################-----| elapsed  1104s  eta   190s
   shard9 [   65/75  86.7%] |########################----| elapsed  1121s  eta   172s
   shard9 [   66/75  88.0%] |########################----| elapsed  1137s  eta   155s
   shard9 [   67/75  89.3%] |#########################---| elapsed  1155s  eta   138s
   shard9 [   68/75  90.7%] |#########################---| elapsed  1172s  eta   121s
   shard9 [   69/75  92.0%] |#########################---| elapsed  1188s  eta   103s
   shard9 [   70/75  93.3%] |##########################--| elapsed  1205s  eta    86s
   shard9 [   71/75  94.7%] |##########################--| elapsed  1222s  eta    69s
   shard9 [   72/75  96.0%] |##########################--| elapsed  1239s  eta    52s
   shard9 [   73/75  97.3%] |###########################-| elapsed  1256s  eta    34s
   shard9 [   74/75  98.7%] |###########################-| elapsed  1272s  eta    17s
   shard9 [   75/75 100.0%] |############################| elapsed  1289s  eta     0s
>> wrote /home1/hahall/OpticalReefUseCase2/OpticalReefUseCase2/parts_sens/part_0009.npz
