using python: /home1/hahall/.conda/envs/optical_reef/bin/python
>> model: 30,000 sim stars (of 80,778 full), 600 draws | design D=15.0m contrast=1e-10 k_OWA=32 t=360min
>> shard 18/20: 75 of 1500 draws
   shard18 [    1/75   1.3%] |----------------------------| elapsed    22s  eta  1656s
   shard18 [    2/75   2.7%] |----------------------------| elapsed    45s  eta  1632s
   shard18 [    3/75   4.0%] |#---------------------------| elapsed    67s  eta  1611s
   shard18 [    4/75   5.3%] |#---------------------------| elapsed    89s  eta  1588s
   shard18 [    5/75   6.7%] |#---------------------------| elapsed   112s  eta  1565s
   shard18 [    6/75   8.0%] |##--------------------------| elapsed   134s  eta  1543s
   shard18 [    7/75   9.3%] |##--------------------------| elapsed   157s  eta  1520s
   shard18 [    8/75  10.7%] |##--------------------------| elapsed   179s  eta  1498s
   shard18 [    9/75  12.0%] |###-------------------------| elapsed   201s  eta  1476s
   shard18 [   10/75  13.3%] |###-------------------------| elapsed   224s  eta  1453s
   shard18 [   11/75  14.7%] |####------------------------| elapsed   246s  eta  1431s
   shard18 [   12/75  16.0%] |####------------------------| elapsed   268s  eta  1408s
   shard18 [   13/75  17.3%] |####------------------------| elapsed   291s  eta  1386s
   shard18 [   14/75  18.7%] |#####-----------------------| elapsed   313s  eta  1364s
   shard18 [   15/75  20.0%] |#####-----------------------| elapsed   335s  eta  1341s
   shard18 [   16/75  21.3%] |#####-----------------------| elapsed   358s  eta  1319s
   shard18 [   17/75  22.7%] |######----------------------| elapsed   380s  eta  1297s
   shard18 [   18/75  24.0%] |######----------------------| elapsed   402s  eta  1274s
   shard18 [   19/75  25.3%] |#######---------------------| elapsed   425s  eta  1252s
   shard18 [   20/75  26.7%] |#######---------------------| elapsed   447s  eta  1230s
   shard18 [   21/75  28.0%] |#######---------------------| elapsed   470s  eta  1207s
   shard18 [   22/75  29.3%] |########--------------------| elapsed   492s  eta  1185s
   shard18 [   23/75  30.7%] |########--------------------| elapsed   514s  eta  1162s
   shard18 [   24/75  32.0%] |########--------------------| elapsed   536s  eta  1139s
   shard18 [   25/75  33.3%] |#########-------------------| elapsed   558s  eta  1116s
   shard18 [   26/75  34.7%] |#########-------------------| elapsed   580s  eta  1094s
   shard18 [   27/75  36.0%] |##########------------------| elapsed   602s  eta  1071s
   shard18 [   28/75  37.3%] |##########------------------| elapsed   625s  eta  1048s
   shard18 [   29/75  38.7%] |##########------------------| elapsed   647s  eta  1026s
   shard18 [   30/75  40.0%] |###########-----------------| elapsed   669s  eta  1003s
   shard18 [   31/75  41.3%] |###########-----------------| elapsed   691s  eta   981s
   shard18 [   32/75  42.7%] |###########-----------------| elapsed   713s  eta   958s
   shard18 [   33/75  44.0%] |############----------------| elapsed   735s  eta   936s
   shard18 [   34/75  45.3%] |############----------------| elapsed   758s  eta   914s
   shard18 [   35/75  46.7%] |#############---------------| elapsed   780s  eta   891s
   shard18 [   36/75  48.0%] |#############---------------| elapsed   802s  eta   869s
   shard18 [   37/75  49.3%] |#############---------------| elapsed   824s  eta   846s
   shard18 [   38/75  50.7%] |##############--------------| elapsed   846s  eta   824s
   shard18 [   39/75  52.0%] |##############--------------| elapsed   868s  eta   802s
   shard18 [   40/75  53.3%] |##############--------------| elapsed   891s  eta   779s
   shard18 [   41/75  54.7%] |###############-------------| elapsed   913s  eta   757s
   shard18 [   42/75  56.0%] |###############-------------| elapsed   935s  eta   735s
   shard18 [   43/75  57.3%] |################------------| elapsed   957s  eta   712s
   shard18 [   44/75  58.7%] |################------------| elapsed   979s  eta   690s
   shard18 [   45/75  60.0%] |################------------| elapsed  1001s  eta   668s
   shard18 [   46/75  61.3%] |#################-----------| elapsed  1023s  eta   645s
   shard18 [   47/75  62.7%] |#################-----------| elapsed  1046s  eta   623s
   shard18 [   48/75  64.0%] |#################-----------| elapsed  1068s  eta   601s
   shard18 [   49/75  65.3%] |##################----------| elapsed  1090s  eta   578s
   shard18 [   50/75  66.7%] |##################----------| elapsed  1112s  eta   556s
   shard18 [   51/75  68.0%] |###################---------| elapsed  1134s  eta   534s
   shard18 [   52/75  69.3%] |###################---------| elapsed  1156s  eta   511s
   shard18 [   53/75  70.7%] |###################---------| elapsed  1178s  eta   489s
   shard18 [   54/75  72.0%] |####################--------| elapsed  1201s  eta   467s
   shard18 [   55/75  73.3%] |####################--------| elapsed  1223s  eta   445s
   shard18 [   56/75  74.7%] |####################--------| elapsed  1245s  eta   422s
   shard18 [   57/75  76.0%] |#####################-------| elapsed  1267s  eta   400s
   shard18 [   58/75  77.3%] |#####################-------| elapsed  1289s  eta   378s
   shard18 [   59/75  78.7%] |######################------| elapsed  1311s  eta   356s
   shard18 [   60/75  80.0%] |######################------| elapsed  1333s  eta   333s
   shard18 [   61/75  81.3%] |######################------| elapsed  1355s  eta   311s
   shard18 [   62/75  82.7%] |#######################-----| elapsed  1378s  eta   289s
   shard18 [   63/75  84.0%] |#######################-----| elapsed  1400s  eta   267s
   shard18 [   64/75  85.3%] |#######################-----| elapsed  1422s  eta   244s
   shard18 [   65/75  86.7%] |########################----| elapsed  1444s  eta   222s
   shard18 [   66/75  88.0%] |########################----| elapsed  1466s  eta   200s
   shard18 [   67/75  89.3%] |#########################---| elapsed  1488s  eta   178s
   shard18 [   68/75  90.7%] |#########################---| elapsed  1510s  eta   155s
   shard18 [   69/75  92.0%] |#########################---| elapsed  1533s  eta   133s
   shard18 [   70/75  93.3%] |##########################--| elapsed  1555s  eta   111s
   shard18 [   71/75  94.7%] |##########################--| elapsed  1577s  eta    89s
   shard18 [   72/75  96.0%] |##########################--| elapsed  1599s  eta    67s
   shard18 [   73/75  97.3%] |###########################-| elapsed  1621s  eta    44s
   shard18 [   74/75  98.7%] |###########################-| elapsed  1643s  eta    22s
   shard18 [   75/75 100.0%] |############################| elapsed  1665s  eta     0s
>> wrote /home1/hahall/OpticalReefUseCase2/OpticalReefUseCase2/parts_sens/part_0018.npz
