using python: /home1/hahall/.conda/envs/optical_reef/bin/python
>> model: 30,000 sim stars (of 80,778 full), 600 draws | design D=15.0m contrast=1e-10 k_OWA=32 t=360min
>> shard 6/20: 75 of 1500 draws
   shard6 [    1/75   1.3%] |----------------------------| elapsed    19s  eta  1381s
   shard6 [    2/75   2.7%] |----------------------------| elapsed    38s  eta  1376s
   shard6 [    3/75   4.0%] |#---------------------------| elapsed    57s  eta  1359s
   shard6 [    4/75   5.3%] |#---------------------------| elapsed    76s  eta  1340s
   shard6 [    5/75   6.7%] |#---------------------------| elapsed    94s  eta  1321s
   shard6 [    6/75   8.0%] |##--------------------------| elapsed   113s  eta  1304s
   shard6 [    7/75   9.3%] |##--------------------------| elapsed   132s  eta  1284s
   shard6 [    8/75  10.7%] |##--------------------------| elapsed   151s  eta  1268s
   shard6 [    9/75  12.0%] |###-------------------------| elapsed   170s  eta  1248s
   shard6 [   10/75  13.3%] |###-------------------------| elapsed   189s  eta  1230s
   shard6 [   11/75  14.7%] |####------------------------| elapsed   208s  eta  1210s
   shard6 [   12/75  16.0%] |####------------------------| elapsed   227s  eta  1192s
   shard6 [   13/75  17.3%] |####------------------------| elapsed   246s  eta  1173s
   shard6 [   14/75  18.7%] |#####-----------------------| elapsed   265s  eta  1154s
   shard6 [   15/75  20.0%] |#####-----------------------| elapsed   284s  eta  1136s
   shard6 [   16/75  21.3%] |#####-----------------------| elapsed   303s  eta  1117s
   shard6 [   17/75  22.7%] |######----------------------| elapsed   322s  eta  1098s
   shard6 [   18/75  24.0%] |######----------------------| elapsed   341s  eta  1078s
   shard6 [   19/75  25.3%] |#######---------------------| elapsed   359s  eta  1060s
   shard6 [   20/75  26.7%] |#######---------------------| elapsed   378s  eta  1041s
   shard6 [   21/75  28.0%] |#######---------------------| elapsed   397s  eta  1022s
   shard6 [   22/75  29.3%] |########--------------------| elapsed   416s  eta  1003s
   shard6 [   23/75  30.7%] |########--------------------| elapsed   435s  eta   984s
   shard6 [   24/75  32.0%] |########--------------------| elapsed   454s  eta   965s
   shard6 [   25/75  33.3%] |#########-------------------| elapsed   473s  eta   946s
   shard6 [   26/75  34.7%] |#########-------------------| elapsed   492s  eta   928s
   shard6 [   27/75  36.0%] |##########------------------| elapsed   511s  eta   909s
   shard6 [   28/75  37.3%] |##########------------------| elapsed   530s  eta   889s
   shard6 [   29/75  38.7%] |##########------------------| elapsed   549s  eta   871s
   shard6 [   30/75  40.0%] |###########-----------------| elapsed   568s  eta   852s
   shard6 [   31/75  41.3%] |###########-----------------| elapsed   587s  eta   833s
   shard6 [   32/75  42.7%] |###########-----------------| elapsed   606s  eta   814s
   shard6 [   33/75  44.0%] |############----------------| elapsed   624s  eta   795s
   shard6 [   34/75  45.3%] |############----------------| elapsed   643s  eta   776s
   shard6 [   35/75  46.7%] |#############---------------| elapsed   662s  eta   757s
   shard6 [   36/75  48.0%] |#############---------------| elapsed   681s  eta   738s
   shard6 [   37/75  49.3%] |#############---------------| elapsed   700s  eta   719s
   shard6 [   38/75  50.7%] |##############--------------| elapsed   719s  eta   700s
   shard6 [   39/75  52.0%] |##############--------------| elapsed   738s  eta   681s
   shard6 [   40/75  53.3%] |##############--------------| elapsed   757s  eta   662s
   shard6 [   41/75  54.7%] |###############-------------| elapsed   776s  eta   643s
   shard6 [   42/75  56.0%] |###############-------------| elapsed   795s  eta   624s
   shard6 [   43/75  57.3%] |################------------| elapsed   813s  eta   605s
   shard6 [   44/75  58.7%] |################------------| elapsed   831s  eta   586s
   shard6 [   45/75  60.0%] |################------------| elapsed   850s  eta   566s
   shard6 [   46/75  61.3%] |#################-----------| elapsed   868s  eta   547s
   shard6 [   47/75  62.7%] |#################-----------| elapsed   887s  eta   528s
   shard6 [   48/75  64.0%] |#################-----------| elapsed   905s  eta   509s
   shard6 [   49/75  65.3%] |##################----------| elapsed   924s  eta   490s
   shard6 [   50/75  66.7%] |##################----------| elapsed   943s  eta   471s
   shard6 [   51/75  68.0%] |###################---------| elapsed   962s  eta   453s
   shard6 [   52/75  69.3%] |###################---------| elapsed   981s  eta   434s
   shard6 [   53/75  70.7%] |###################---------| elapsed   999s  eta   415s
   shard6 [   54/75  72.0%] |####################--------| elapsed  1018s  eta   396s
   shard6 [   55/75  73.3%] |####################--------| elapsed  1037s  eta   377s
   shard6 [   56/75  74.7%] |####################--------| elapsed  1056s  eta   358s
   shard6 [   57/75  76.0%] |#####################-------| elapsed  1075s  eta   339s
   shard6 [   58/75  77.3%] |#####################-------| elapsed  1093s  eta   320s
   shard6 [   59/75  78.7%] |######################------| elapsed  1112s  eta   302s
   shard6 [   60/75  80.0%] |######################------| elapsed  1131s  eta   283s
   shard6 [   61/75  81.3%] |######################------| elapsed  1150s  eta   264s
   shard6 [   62/75  82.7%] |#######################-----| elapsed  1169s  eta   245s
   shard6 [   63/75  84.0%] |#######################-----| elapsed  1187s  eta   226s
   shard6 [   64/75  85.3%] |#######################-----| elapsed  1206s  eta   207s
   shard6 [   65/75  86.7%] |########################----| elapsed  1225s  eta   188s
   shard6 [   66/75  88.0%] |########################----| elapsed  1244s  eta   170s
   shard6 [   67/75  89.3%] |#########################---| elapsed  1262s  eta   151s
   shard6 [   68/75  90.7%] |#########################---| elapsed  1281s  eta   132s
   shard6 [   69/75  92.0%] |#########################---| elapsed  1300s  eta   113s
   shard6 [   70/75  93.3%] |##########################--| elapsed  1319s  eta    94s
   shard6 [   71/75  94.7%] |##########################--| elapsed  1337s  eta    75s
   shard6 [   72/75  96.0%] |##########################--| elapsed  1356s  eta    57s
   shard6 [   73/75  97.3%] |###########################-| elapsed  1375s  eta    38s
   shard6 [   74/75  98.7%] |###########################-| elapsed  1393s  eta    19s
   shard6 [   75/75 100.0%] |############################| elapsed  1412s  eta     0s
>> wrote /home1/hahall/OpticalReefUseCase2/OpticalReefUseCase2/parts_sens/part_0006.npz
