using python: /home1/hahall/.conda/envs/optical_reef/bin/python
>> model: 30,000 sim stars (of 80,778 full), 600 draws | design D=15.0m contrast=1e-10 k_OWA=32 t=360min
>> shard 2/20: 75 of 1500 draws
   shard2 [    1/75   1.3%] |----------------------------| elapsed    16s  eta  1216s
   shard2 [    2/75   2.7%] |----------------------------| elapsed    33s  eta  1211s
   shard2 [    3/75   4.0%] |#---------------------------| elapsed    50s  eta  1209s
   shard2 [    4/75   5.3%] |#---------------------------| elapsed    68s  eta  1206s
   shard2 [    5/75   6.7%] |#---------------------------| elapsed    84s  eta  1182s
   shard2 [    6/75   8.0%] |##--------------------------| elapsed   102s  eta  1171s
   shard2 [    7/75   9.3%] |##--------------------------| elapsed   119s  eta  1155s
   shard2 [    8/75  10.7%] |##--------------------------| elapsed   136s  eta  1137s
   shard2 [    9/75  12.0%] |###-------------------------| elapsed   152s  eta  1118s
   shard2 [   10/75  13.3%] |###-------------------------| elapsed   169s  eta  1100s
   shard2 [   11/75  14.7%] |####------------------------| elapsed   186s  eta  1082s
   shard2 [   12/75  16.0%] |####------------------------| elapsed   203s  eta  1065s
   shard2 [   13/75  17.3%] |####------------------------| elapsed   220s  eta  1048s
   shard2 [   14/75  18.7%] |#####-----------------------| elapsed   237s  eta  1031s
   shard2 [   15/75  20.0%] |#####-----------------------| elapsed   253s  eta  1013s
   shard2 [   16/75  21.3%] |#####-----------------------| elapsed   270s  eta   997s
   shard2 [   17/75  22.7%] |######----------------------| elapsed   287s  eta   979s
   shard2 [   18/75  24.0%] |######----------------------| elapsed   304s  eta   964s
   shard2 [   19/75  25.3%] |#######---------------------| elapsed   321s  eta   946s
   shard2 [   20/75  26.7%] |#######---------------------| elapsed   338s  eta   930s
   shard2 [   21/75  28.0%] |#######---------------------| elapsed   355s  eta   913s
   shard2 [   22/75  29.3%] |########--------------------| elapsed   373s  eta   897s
   shard2 [   23/75  30.7%] |########--------------------| elapsed   389s  eta   879s
   shard2 [   24/75  32.0%] |########--------------------| elapsed   406s  eta   862s
   shard2 [   25/75  33.3%] |#########-------------------| elapsed   422s  eta   845s
   shard2 [   26/75  34.7%] |#########-------------------| elapsed   440s  eta   828s
   shard2 [   27/75  36.0%] |##########------------------| elapsed   456s  eta   811s
   shard2 [   28/75  37.3%] |##########------------------| elapsed   474s  eta   795s
   shard2 [   29/75  38.7%] |##########------------------| elapsed   491s  eta   778s
   shard2 [   30/75  40.0%] |###########-----------------| elapsed   507s  eta   761s
   shard2 [   31/75  41.3%] |###########-----------------| elapsed   524s  eta   744s
   shard2 [   32/75  42.7%] |###########-----------------| elapsed   541s  eta   727s
   shard2 [   33/75  44.0%] |############----------------| elapsed   558s  eta   711s
   shard2 [   34/75  45.3%] |############----------------| elapsed   576s  eta   694s
   shard2 [   35/75  46.7%] |#############---------------| elapsed   593s  eta   677s
   shard2 [   36/75  48.0%] |#############---------------| elapsed   610s  eta   661s
   shard2 [   37/75  49.3%] |#############---------------| elapsed   627s  eta   644s
   shard2 [   38/75  50.7%] |##############--------------| elapsed   644s  eta   627s
   shard2 [   39/75  52.0%] |##############--------------| elapsed   661s  eta   610s
   shard2 [   40/75  53.3%] |##############--------------| elapsed   677s  eta   593s
   shard2 [   41/75  54.7%] |###############-------------| elapsed   695s  eta   576s
   shard2 [   42/75  56.0%] |###############-------------| elapsed   712s  eta   559s
   shard2 [   43/75  57.3%] |################------------| elapsed   729s  eta   543s
   shard2 [   44/75  58.7%] |################------------| elapsed   747s  eta   526s
   shard2 [   45/75  60.0%] |################------------| elapsed   764s  eta   509s
   shard2 [   46/75  61.3%] |#################-----------| elapsed   781s  eta   493s
   shard2 [   47/75  62.7%] |#################-----------| elapsed   798s  eta   475s
   shard2 [   48/75  64.0%] |#################-----------| elapsed   815s  eta   459s
   shard2 [   49/75  65.3%] |##################----------| elapsed   833s  eta   442s
   shard2 [   50/75  66.7%] |##################----------| elapsed   850s  eta   425s
   shard2 [   51/75  68.0%] |###################---------| elapsed   868s  eta   408s
   shard2 [   52/75  69.3%] |###################---------| elapsed   885s  eta   391s
   shard2 [   53/75  70.7%] |###################---------| elapsed   902s  eta   375s
   shard2 [   54/75  72.0%] |####################--------| elapsed   919s  eta   357s
   shard2 [   55/75  73.3%] |####################--------| elapsed   936s  eta   340s
   shard2 [   56/75  74.7%] |####################--------| elapsed   953s  eta   323s
   shard2 [   57/75  76.0%] |#####################-------| elapsed   970s  eta   306s
   shard2 [   58/75  77.3%] |#####################-------| elapsed   988s  eta   289s
   shard2 [   59/75  78.7%] |######################------| elapsed  1005s  eta   272s
   shard2 [   60/75  80.0%] |######################------| elapsed  1022s  eta   256s
   shard2 [   61/75  81.3%] |######################------| elapsed  1039s  eta   238s
   shard2 [   62/75  82.7%] |#######################-----| elapsed  1056s  eta   221s
   shard2 [   63/75  84.0%] |#######################-----| elapsed  1073s  eta   204s
   shard2 [   64/75  85.3%] |#######################-----| elapsed  1090s  eta   187s
   shard2 [   65/75  86.7%] |########################----| elapsed  1107s  eta   170s
   shard2 [   66/75  88.0%] |########################----| elapsed  1124s  eta   153s
   shard2 [   67/75  89.3%] |#########################---| elapsed  1140s  eta   136s
   shard2 [   68/75  90.7%] |#########################---| elapsed  1158s  eta   119s
   shard2 [   69/75  92.0%] |#########################---| elapsed  1175s  eta   102s
   shard2 [   70/75  93.3%] |##########################--| elapsed  1192s  eta    85s
   shard2 [   71/75  94.7%] |##########################--| elapsed  1209s  eta    68s
   shard2 [   72/75  96.0%] |##########################--| elapsed  1226s  eta    51s
   shard2 [   73/75  97.3%] |###########################-| elapsed  1243s  eta    34s
   shard2 [   74/75  98.7%] |###########################-| elapsed  1261s  eta    17s
   shard2 [   75/75 100.0%] |############################| elapsed  1278s  eta     0s
>> wrote /home1/hahall/OpticalReefUseCase2/OpticalReefUseCase2/parts_sens/part_0002.npz
