using python: /home1/hahall/.conda/envs/optical_reef/bin/python
>> model: 30,000 sim stars (of 80,778 full), 600 draws | design D=15.0m contrast=1e-10 k_OWA=32 t=360min
>> shard 17/20: 75 of 1500 draws
   shard17 [    1/75   1.3%] |----------------------------| elapsed    23s  eta  1685s
   shard17 [    2/75   2.7%] |----------------------------| elapsed    45s  eta  1654s
   shard17 [    3/75   4.0%] |#---------------------------| elapsed    68s  eta  1623s
   shard17 [    4/75   5.3%] |#---------------------------| elapsed    90s  eta  1594s
   shard17 [    5/75   6.7%] |#---------------------------| elapsed   112s  eta  1571s
   shard17 [    6/75   8.0%] |##--------------------------| elapsed   135s  eta  1547s
   shard17 [    7/75   9.3%] |##--------------------------| elapsed   157s  eta  1521s
   shard17 [    8/75  10.7%] |##--------------------------| elapsed   179s  eta  1499s
   shard17 [    9/75  12.0%] |###-------------------------| elapsed   201s  eta  1476s
   shard17 [   10/75  13.3%] |###-------------------------| elapsed   223s  eta  1452s
   shard17 [   11/75  14.7%] |####------------------------| elapsed   246s  eta  1430s
   shard17 [   12/75  16.0%] |####------------------------| elapsed   268s  eta  1409s
   shard17 [   13/75  17.3%] |####------------------------| elapsed   291s  eta  1386s
   shard17 [   14/75  18.7%] |#####-----------------------| elapsed   313s  eta  1363s
   shard17 [   15/75  20.0%] |#####-----------------------| elapsed   335s  eta  1341s
   shard17 [   16/75  21.3%] |#####-----------------------| elapsed   358s  eta  1319s
   shard17 [   17/75  22.7%] |######----------------------| elapsed   380s  eta  1296s
   shard17 [   18/75  24.0%] |######----------------------| elapsed   402s  eta  1274s
   shard17 [   19/75  25.3%] |#######---------------------| elapsed   425s  eta  1252s
   shard17 [   20/75  26.7%] |#######---------------------| elapsed   447s  eta  1229s
   shard17 [   21/75  28.0%] |#######---------------------| elapsed   469s  eta  1206s
   shard17 [   22/75  29.3%] |########--------------------| elapsed   491s  eta  1183s
   shard17 [   23/75  30.7%] |########--------------------| elapsed   513s  eta  1161s
   shard17 [   24/75  32.0%] |########--------------------| elapsed   535s  eta  1138s
   shard17 [   25/75  33.3%] |#########-------------------| elapsed   557s  eta  1115s
   shard17 [   26/75  34.7%] |#########-------------------| elapsed   579s  eta  1092s
   shard17 [   27/75  36.0%] |##########------------------| elapsed   602s  eta  1069s
   shard17 [   28/75  37.3%] |##########------------------| elapsed   624s  eta  1047s
   shard17 [   29/75  38.7%] |##########------------------| elapsed   646s  eta  1024s
   shard17 [   30/75  40.0%] |###########-----------------| elapsed   668s  eta  1002s
   shard17 [   31/75  41.3%] |###########-----------------| elapsed   690s  eta   979s
   shard17 [   32/75  42.7%] |###########-----------------| elapsed   712s  eta   957s
   shard17 [   33/75  44.0%] |############----------------| elapsed   734s  eta   934s
   shard17 [   34/75  45.3%] |############----------------| elapsed   756s  eta   912s
   shard17 [   35/75  46.7%] |#############---------------| elapsed   778s  eta   889s
   shard17 [   36/75  48.0%] |#############---------------| elapsed   800s  eta   867s
   shard17 [   37/75  49.3%] |#############---------------| elapsed   822s  eta   845s
   shard17 [   38/75  50.7%] |##############--------------| elapsed   844s  eta   822s
   shard17 [   39/75  52.0%] |##############--------------| elapsed   867s  eta   800s
   shard17 [   40/75  53.3%] |##############--------------| elapsed   889s  eta   778s
   shard17 [   41/75  54.7%] |###############-------------| elapsed   911s  eta   755s
   shard17 [   42/75  56.0%] |###############-------------| elapsed   933s  eta   733s
   shard17 [   43/75  57.3%] |################------------| elapsed   955s  eta   711s
   shard17 [   44/75  58.7%] |################------------| elapsed   977s  eta   688s
   shard17 [   45/75  60.0%] |################------------| elapsed   999s  eta   666s
   shard17 [   46/75  61.3%] |#################-----------| elapsed  1021s  eta   644s
   shard17 [   47/75  62.7%] |#################-----------| elapsed  1043s  eta   622s
   shard17 [   48/75  64.0%] |#################-----------| elapsed  1065s  eta   599s
   shard17 [   49/75  65.3%] |##################----------| elapsed  1087s  eta   577s
   shard17 [   50/75  66.7%] |##################----------| elapsed  1109s  eta   555s
   shard17 [   51/75  68.0%] |###################---------| elapsed  1132s  eta   533s
   shard17 [   52/75  69.3%] |###################---------| elapsed  1154s  eta   510s
   shard17 [   53/75  70.7%] |###################---------| elapsed  1176s  eta   488s
   shard17 [   54/75  72.0%] |####################--------| elapsed  1198s  eta   466s
   shard17 [   55/75  73.3%] |####################--------| elapsed  1220s  eta   444s
   shard17 [   56/75  74.7%] |####################--------| elapsed  1242s  eta   421s
   shard17 [   57/75  76.0%] |#####################-------| elapsed  1264s  eta   399s
   shard17 [   58/75  77.3%] |#####################-------| elapsed  1286s  eta   377s
   shard17 [   59/75  78.7%] |######################------| elapsed  1308s  eta   355s
   shard17 [   60/75  80.0%] |######################------| elapsed  1330s  eta   333s
   shard17 [   61/75  81.3%] |######################------| elapsed  1352s  eta   310s
   shard17 [   62/75  82.7%] |#######################-----| elapsed  1374s  eta   288s
   shard17 [   63/75  84.0%] |#######################-----| elapsed  1396s  eta   266s
   shard17 [   64/75  85.3%] |#######################-----| elapsed  1419s  eta   244s
   shard17 [   65/75  86.7%] |########################----| elapsed  1441s  eta   222s
   shard17 [   66/75  88.0%] |########################----| elapsed  1463s  eta   199s
   shard17 [   67/75  89.3%] |#########################---| elapsed  1485s  eta   177s
   shard17 [   68/75  90.7%] |#########################---| elapsed  1507s  eta   155s
   shard17 [   69/75  92.0%] |#########################---| elapsed  1529s  eta   133s
   shard17 [   70/75  93.3%] |##########################--| elapsed  1551s  eta   111s
   shard17 [   71/75  94.7%] |##########################--| elapsed  1573s  eta    89s
   shard17 [   72/75  96.0%] |##########################--| elapsed  1595s  eta    66s
   shard17 [   73/75  97.3%] |###########################-| elapsed  1617s  eta    44s
   shard17 [   74/75  98.7%] |###########################-| elapsed  1639s  eta    22s
   shard17 [   75/75 100.0%] |############################| elapsed  1661s  eta     0s
>> wrote /home1/hahall/OpticalReefUseCase2/OpticalReefUseCase2/parts_sens/part_0017.npz
