using python: /home1/hahall/.conda/envs/optical_reef/bin/python
>> model: 30,000 sim stars (of 80,778 full), 600 draws | design D=15.0m contrast=1e-10 k_OWA=32 t=360min
>> shard 4/20: 75 of 1500 draws
   shard4 [    1/75   1.3%] |----------------------------| elapsed    20s  eta  1487s
   shard4 [    2/75   2.7%] |----------------------------| elapsed    40s  eta  1452s
   shard4 [    3/75   4.0%] |#---------------------------| elapsed    59s  eta  1422s
   shard4 [    4/75   5.3%] |#---------------------------| elapsed    78s  eta  1393s
   shard4 [    5/75   6.7%] |#---------------------------| elapsed    98s  eta  1369s
   shard4 [    6/75   8.0%] |##--------------------------| elapsed   117s  eta  1349s
   shard4 [    7/75   9.3%] |##--------------------------| elapsed   137s  eta  1327s
   shard4 [    8/75  10.7%] |##--------------------------| elapsed   156s  eta  1305s
   shard4 [    9/75  12.0%] |###-------------------------| elapsed   175s  eta  1283s
   shard4 [   10/75  13.3%] |###-------------------------| elapsed   194s  eta  1261s
   shard4 [   11/75  14.7%] |####------------------------| elapsed   213s  eta  1240s
   shard4 [   12/75  16.0%] |####------------------------| elapsed   233s  eta  1222s
   shard4 [   13/75  17.3%] |####------------------------| elapsed   252s  eta  1201s
   shard4 [   14/75  18.7%] |#####-----------------------| elapsed   271s  eta  1180s
   shard4 [   15/75  20.0%] |#####-----------------------| elapsed   290s  eta  1161s
   shard4 [   16/75  21.3%] |#####-----------------------| elapsed   309s  eta  1141s
   shard4 [   17/75  22.7%] |######----------------------| elapsed   329s  eta  1121s
   shard4 [   18/75  24.0%] |######----------------------| elapsed   348s  eta  1103s
   shard4 [   19/75  25.3%] |#######---------------------| elapsed   368s  eta  1083s
   shard4 [   20/75  26.7%] |#######---------------------| elapsed   387s  eta  1064s
   shard4 [   21/75  28.0%] |#######---------------------| elapsed   406s  eta  1045s
   shard4 [   22/75  29.3%] |########--------------------| elapsed   426s  eta  1025s
   shard4 [   23/75  30.7%] |########--------------------| elapsed   445s  eta  1007s
   shard4 [   24/75  32.0%] |########--------------------| elapsed   465s  eta   988s
   shard4 [   25/75  33.3%] |#########-------------------| elapsed   484s  eta   969s
   shard4 [   26/75  34.7%] |#########-------------------| elapsed   504s  eta   950s
   shard4 [   27/75  36.0%] |##########------------------| elapsed   523s  eta   931s
   shard4 [   28/75  37.3%] |##########------------------| elapsed   543s  eta   912s
   shard4 [   29/75  38.7%] |##########------------------| elapsed   563s  eta   893s
   shard4 [   30/75  40.0%] |###########-----------------| elapsed   583s  eta   874s
   shard4 [   31/75  41.3%] |###########-----------------| elapsed   603s  eta   855s
   shard4 [   32/75  42.7%] |###########-----------------| elapsed   622s  eta   836s
   shard4 [   33/75  44.0%] |############----------------| elapsed   641s  eta   816s
   shard4 [   34/75  45.3%] |############----------------| elapsed   661s  eta   797s
   shard4 [   35/75  46.7%] |#############---------------| elapsed   680s  eta   777s
   shard4 [   36/75  48.0%] |#############---------------| elapsed   700s  eta   759s
   shard4 [   37/75  49.3%] |#############---------------| elapsed   720s  eta   740s
   shard4 [   38/75  50.7%] |##############--------------| elapsed   740s  eta   720s
   shard4 [   39/75  52.0%] |##############--------------| elapsed   759s  eta   700s
   shard4 [   40/75  53.3%] |##############--------------| elapsed   777s  eta   680s
   shard4 [   41/75  54.7%] |###############-------------| elapsed   797s  eta   661s
   shard4 [   42/75  56.0%] |###############-------------| elapsed   816s  eta   641s
   shard4 [   43/75  57.3%] |################------------| elapsed   835s  eta   621s
   shard4 [   44/75  58.7%] |################------------| elapsed   853s  eta   601s
   shard4 [   45/75  60.0%] |################------------| elapsed   872s  eta   581s
   shard4 [   46/75  61.3%] |#################-----------| elapsed   891s  eta   562s
   shard4 [   47/75  62.7%] |#################-----------| elapsed   910s  eta   542s
   shard4 [   48/75  64.0%] |#################-----------| elapsed   930s  eta   523s
   shard4 [   49/75  65.3%] |##################----------| elapsed   949s  eta   504s
   shard4 [   50/75  66.7%] |##################----------| elapsed   968s  eta   484s
   shard4 [   51/75  68.0%] |###################---------| elapsed   987s  eta   465s
   shard4 [   52/75  69.3%] |###################---------| elapsed  1006s  eta   445s
   shard4 [   53/75  70.7%] |###################---------| elapsed  1025s  eta   426s
   shard4 [   54/75  72.0%] |####################--------| elapsed  1044s  eta   406s
   shard4 [   55/75  73.3%] |####################--------| elapsed  1063s  eta   387s
   shard4 [   56/75  74.7%] |####################--------| elapsed  1082s  eta   367s
   shard4 [   57/75  76.0%] |#####################-------| elapsed  1102s  eta   348s
   shard4 [   58/75  77.3%] |#####################-------| elapsed  1121s  eta   328s
   shard4 [   59/75  78.7%] |######################------| elapsed  1139s  eta   309s
   shard4 [   60/75  80.0%] |######################------| elapsed  1159s  eta   290s
   shard4 [   61/75  81.3%] |######################------| elapsed  1178s  eta   270s
   shard4 [   62/75  82.7%] |#######################-----| elapsed  1197s  eta   251s
   shard4 [   63/75  84.0%] |#######################-----| elapsed  1217s  eta   232s
   shard4 [   64/75  85.3%] |#######################-----| elapsed  1236s  eta   212s
   shard4 [   65/75  86.7%] |########################----| elapsed  1255s  eta   193s
   shard4 [   66/75  88.0%] |########################----| elapsed  1274s  eta   174s
   shard4 [   67/75  89.3%] |#########################---| elapsed  1293s  eta   154s
   shard4 [   68/75  90.7%] |#########################---| elapsed  1313s  eta   135s
   shard4 [   69/75  92.0%] |#########################---| elapsed  1332s  eta   116s
   shard4 [   70/75  93.3%] |##########################--| elapsed  1351s  eta    97s
   shard4 [   71/75  94.7%] |##########################--| elapsed  1371s  eta    77s
   shard4 [   72/75  96.0%] |##########################--| elapsed  1390s  eta    58s
   shard4 [   73/75  97.3%] |###########################-| elapsed  1409s  eta    39s
   shard4 [   74/75  98.7%] |###########################-| elapsed  1429s  eta    19s
   shard4 [   75/75 100.0%] |############################| elapsed  1448s  eta     0s
>> wrote /home1/hahall/OpticalReefUseCase2/OpticalReefUseCase2/parts_sens/part_0004.npz
