using python: /home1/hahall/.conda/envs/optical_reef/bin/python
>> model: 30,000 sim stars (of 80,778 full), 600 draws | design D=15.0m contrast=1e-10 k_OWA=32 t=360min
>> shard 11/20: 75 of 1500 draws
   shard11 [    1/75   1.3%] |----------------------------| elapsed    16s  eta  1198s
   shard11 [    2/75   2.7%] |----------------------------| elapsed    32s  eta  1181s
   shard11 [    3/75   4.0%] |#---------------------------| elapsed    49s  eta  1164s
   shard11 [    4/75   5.3%] |#---------------------------| elapsed    65s  eta  1149s
   shard11 [    5/75   6.7%] |#---------------------------| elapsed    81s  eta  1132s
   shard11 [    6/75   8.0%] |##--------------------------| elapsed    97s  eta  1116s
   shard11 [    7/75   9.3%] |##--------------------------| elapsed   113s  eta  1098s
   shard11 [    8/75  10.7%] |##--------------------------| elapsed   129s  eta  1082s
   shard11 [    9/75  12.0%] |###-------------------------| elapsed   145s  eta  1065s
   shard11 [   10/75  13.3%] |###-------------------------| elapsed   161s  eta  1048s
   shard11 [   11/75  14.7%] |####------------------------| elapsed   177s  eta  1032s
   shard11 [   12/75  16.0%] |####------------------------| elapsed   193s  eta  1016s
   shard11 [   13/75  17.3%] |####------------------------| elapsed   210s  eta   999s
   shard11 [   14/75  18.7%] |#####-----------------------| elapsed   226s  eta   983s
   shard11 [   15/75  20.0%] |#####-----------------------| elapsed   242s  eta   967s
   shard11 [   16/75  21.3%] |#####-----------------------| elapsed   258s  eta   951s
   shard11 [   17/75  22.7%] |######----------------------| elapsed   274s  eta   935s
   shard11 [   18/75  24.0%] |######----------------------| elapsed   290s  eta   919s
   shard11 [   19/75  25.3%] |#######---------------------| elapsed   306s  eta   903s
   shard11 [   20/75  26.7%] |#######---------------------| elapsed   322s  eta   887s
   shard11 [   21/75  28.0%] |#######---------------------| elapsed   339s  eta   871s
   shard11 [   22/75  29.3%] |########--------------------| elapsed   355s  eta   855s
   shard11 [   23/75  30.7%] |########--------------------| elapsed   371s  eta   838s
   shard11 [   24/75  32.0%] |########--------------------| elapsed   387s  eta   822s
   shard11 [   25/75  33.3%] |#########-------------------| elapsed   403s  eta   806s
   shard11 [   26/75  34.7%] |#########-------------------| elapsed   419s  eta   790s
   shard11 [   27/75  36.0%] |##########------------------| elapsed   435s  eta   774s
   shard11 [   28/75  37.3%] |##########------------------| elapsed   452s  eta   758s
   shard11 [   29/75  38.7%] |##########------------------| elapsed   468s  eta   742s
   shard11 [   30/75  40.0%] |###########-----------------| elapsed   484s  eta   726s
   shard11 [   31/75  41.3%] |###########-----------------| elapsed   500s  eta   709s
   shard11 [   32/75  42.7%] |###########-----------------| elapsed   516s  eta   693s
   shard11 [   33/75  44.0%] |############----------------| elapsed   532s  eta   677s
   shard11 [   34/75  45.3%] |############----------------| elapsed   548s  eta   661s
   shard11 [   35/75  46.7%] |#############---------------| elapsed   564s  eta   645s
   shard11 [   36/75  48.0%] |#############---------------| elapsed   580s  eta   628s
   shard11 [   37/75  49.3%] |#############---------------| elapsed   596s  eta   612s
   shard11 [   38/75  50.7%] |##############--------------| elapsed   612s  eta   596s
   shard11 [   39/75  52.0%] |##############--------------| elapsed   628s  eta   580s
   shard11 [   40/75  53.3%] |##############--------------| elapsed   644s  eta   564s
   shard11 [   41/75  54.7%] |###############-------------| elapsed   661s  eta   548s
   shard11 [   42/75  56.0%] |###############-------------| elapsed   677s  eta   532s
   shard11 [   43/75  57.3%] |################------------| elapsed   693s  eta   516s
   shard11 [   44/75  58.7%] |################------------| elapsed   709s  eta   499s
   shard11 [   45/75  60.0%] |################------------| elapsed   725s  eta   483s
   shard11 [   46/75  61.3%] |#################-----------| elapsed   741s  eta   467s
   shard11 [   47/75  62.7%] |#################-----------| elapsed   757s  eta   451s
   shard11 [   48/75  64.0%] |#################-----------| elapsed   774s  eta   435s
   shard11 [   49/75  65.3%] |##################----------| elapsed   790s  eta   419s
   shard11 [   50/75  66.7%] |##################----------| elapsed   806s  eta   403s
   shard11 [   51/75  68.0%] |###################---------| elapsed   822s  eta   387s
   shard11 [   52/75  69.3%] |###################---------| elapsed   838s  eta   371s
   shard11 [   53/75  70.7%] |###################---------| elapsed   854s  eta   355s
   shard11 [   54/75  72.0%] |####################--------| elapsed   870s  eta   339s
   shard11 [   55/75  73.3%] |####################--------| elapsed   886s  eta   322s
   shard11 [   56/75  74.7%] |####################--------| elapsed   902s  eta   306s
   shard11 [   57/75  76.0%] |#####################-------| elapsed   918s  eta   290s
   shard11 [   58/75  77.3%] |#####################-------| elapsed   934s  eta   274s
   shard11 [   59/75  78.7%] |######################------| elapsed   950s  eta   258s
   shard11 [   60/75  80.0%] |######################------| elapsed   966s  eta   242s
   shard11 [   61/75  81.3%] |######################------| elapsed   982s  eta   225s
   shard11 [   62/75  82.7%] |#######################-----| elapsed   999s  eta   209s
   shard11 [   63/75  84.0%] |#######################-----| elapsed  1015s  eta   193s
   shard11 [   64/75  85.3%] |#######################-----| elapsed  1031s  eta   177s
   shard11 [   65/75  86.7%] |########################----| elapsed  1047s  eta   161s
   shard11 [   66/75  88.0%] |########################----| elapsed  1063s  eta   145s
   shard11 [   67/75  89.3%] |#########################---| elapsed  1079s  eta   129s
   shard11 [   68/75  90.7%] |#########################---| elapsed  1095s  eta   113s
   shard11 [   69/75  92.0%] |#########################---| elapsed  1111s  eta    97s
   shard11 [   70/75  93.3%] |##########################--| elapsed  1127s  eta    81s
   shard11 [   71/75  94.7%] |##########################--| elapsed  1144s  eta    64s
   shard11 [   72/75  96.0%] |##########################--| elapsed  1160s  eta    48s
   shard11 [   73/75  97.3%] |###########################-| elapsed  1176s  eta    32s
   shard11 [   74/75  98.7%] |###########################-| elapsed  1192s  eta    16s
   shard11 [   75/75 100.0%] |############################| elapsed  1208s  eta     0s
>> wrote /home1/hahall/OpticalReefUseCase2/OpticalReefUseCase2/parts_sens/part_0011.npz
