using python: /home1/hahall/.conda/envs/optical_reef/bin/python
>> model: 30,000 sim stars (of 80,778 full), 600 draws | design D=15.0m contrast=1e-10 k_OWA=32 t=360min
>> shard 16/20: 75 of 1500 draws
   shard16 [    1/75   1.3%] |----------------------------| elapsed    25s  eta  1847s
   shard16 [    2/75   2.7%] |----------------------------| elapsed    50s  eta  1820s
   shard16 [    3/75   4.0%] |#---------------------------| elapsed    75s  eta  1798s
   shard16 [    4/75   5.3%] |#---------------------------| elapsed   100s  eta  1773s
   shard16 [    5/75   6.7%] |#---------------------------| elapsed   125s  eta  1747s
   shard16 [    6/75   8.0%] |##--------------------------| elapsed   150s  eta  1723s
   shard16 [    7/75   9.3%] |##--------------------------| elapsed   175s  eta  1700s
   shard16 [    8/75  10.7%] |##--------------------------| elapsed   200s  eta  1677s
   shard16 [    9/75  12.0%] |###-------------------------| elapsed   225s  eta  1652s
   shard16 [   10/75  13.3%] |###-------------------------| elapsed   250s  eta  1627s
   shard16 [   11/75  14.7%] |####------------------------| elapsed   275s  eta  1603s
   shard16 [   12/75  16.0%] |####------------------------| elapsed   300s  eta  1577s
   shard16 [   13/75  17.3%] |####------------------------| elapsed   325s  eta  1551s
   shard16 [   14/75  18.7%] |#####-----------------------| elapsed   350s  eta  1527s
   shard16 [   15/75  20.0%] |#####-----------------------| elapsed   376s  eta  1502s
   shard16 [   16/75  21.3%] |#####-----------------------| elapsed   401s  eta  1477s
   shard16 [   17/75  22.7%] |######----------------------| elapsed   426s  eta  1454s
   shard16 [   18/75  24.0%] |######----------------------| elapsed   451s  eta  1429s
   shard16 [   19/75  25.3%] |#######---------------------| elapsed   476s  eta  1403s
   shard16 [   20/75  26.7%] |#######---------------------| elapsed   501s  eta  1378s
   shard16 [   21/75  28.0%] |#######---------------------| elapsed   526s  eta  1353s
   shard16 [   22/75  29.3%] |########--------------------| elapsed   551s  eta  1327s
   shard16 [   23/75  30.7%] |########--------------------| elapsed   576s  eta  1302s
   shard16 [   24/75  32.0%] |########--------------------| elapsed   601s  eta  1277s
   shard16 [   25/75  33.3%] |#########-------------------| elapsed   626s  eta  1252s
   shard16 [   26/75  34.7%] |#########-------------------| elapsed   651s  eta  1227s
   shard16 [   27/75  36.0%] |##########------------------| elapsed   676s  eta  1201s
   shard16 [   28/75  37.3%] |##########------------------| elapsed   701s  eta  1176s
   shard16 [   29/75  38.7%] |##########------------------| elapsed   725s  eta  1151s
   shard16 [   30/75  40.0%] |###########-----------------| elapsed   750s  eta  1126s
   shard16 [   31/75  41.3%] |###########-----------------| elapsed   775s  eta  1100s
   shard16 [   32/75  42.7%] |###########-----------------| elapsed   800s  eta  1075s
   shard16 [   33/75  44.0%] |############----------------| elapsed   825s  eta  1050s
   shard16 [   34/75  45.3%] |############----------------| elapsed   850s  eta  1025s
   shard16 [   35/75  46.7%] |#############---------------| elapsed   875s  eta  1000s
   shard16 [   36/75  48.0%] |#############---------------| elapsed   900s  eta   975s
   shard16 [   37/75  49.3%] |#############---------------| elapsed   925s  eta   950s
   shard16 [   38/75  50.7%] |##############--------------| elapsed   950s  eta   925s
   shard16 [   39/75  52.0%] |##############--------------| elapsed   975s  eta   900s
   shard16 [   40/75  53.3%] |##############--------------| elapsed  1000s  eta   875s
   shard16 [   41/75  54.7%] |###############-------------| elapsed  1025s  eta   850s
   shard16 [   42/75  56.0%] |###############-------------| elapsed  1050s  eta   825s
   shard16 [   43/75  57.3%] |################------------| elapsed  1075s  eta   800s
   shard16 [   44/75  58.7%] |################------------| elapsed  1099s  eta   775s
   shard16 [   45/75  60.0%] |################------------| elapsed  1124s  eta   750s
   shard16 [   46/75  61.3%] |#################-----------| elapsed  1149s  eta   725s
   shard16 [   47/75  62.7%] |#################-----------| elapsed  1174s  eta   700s
   shard16 [   48/75  64.0%] |#################-----------| elapsed  1199s  eta   675s
   shard16 [   49/75  65.3%] |##################----------| elapsed  1224s  eta   650s
   shard16 [   50/75  66.7%] |##################----------| elapsed  1249s  eta   625s
   shard16 [   51/75  68.0%] |###################---------| elapsed  1274s  eta   600s
   shard16 [   52/75  69.3%] |###################---------| elapsed  1299s  eta   575s
   shard16 [   53/75  70.7%] |###################---------| elapsed  1324s  eta   550s
   shard16 [   54/75  72.0%] |####################--------| elapsed  1349s  eta   525s
   shard16 [   55/75  73.3%] |####################--------| elapsed  1375s  eta   500s
   shard16 [   56/75  74.7%] |####################--------| elapsed  1400s  eta   475s
   shard16 [   57/75  76.0%] |#####################-------| elapsed  1425s  eta   450s
   shard16 [   58/75  77.3%] |#####################-------| elapsed  1450s  eta   425s
   shard16 [   59/75  78.7%] |######################------| elapsed  1475s  eta   400s
   shard16 [   60/75  80.0%] |######################------| elapsed  1500s  eta   375s
   shard16 [   61/75  81.3%] |######################------| elapsed  1525s  eta   350s
   shard16 [   62/75  82.7%] |#######################-----| elapsed  1551s  eta   325s
   shard16 [   63/75  84.0%] |#######################-----| elapsed  1576s  eta   300s
   shard16 [   64/75  85.3%] |#######################-----| elapsed  1601s  eta   275s
   shard16 [   65/75  86.7%] |########################----| elapsed  1627s  eta   250s
   shard16 [   66/75  88.0%] |########################----| elapsed  1652s  eta   225s
   shard16 [   67/75  89.3%] |#########################---| elapsed  1678s  eta   200s
   shard16 [   68/75  90.7%] |#########################---| elapsed  1703s  eta   175s
   shard16 [   69/75  92.0%] |#########################---| elapsed  1728s  eta   150s
   shard16 [   70/75  93.3%] |##########################--| elapsed  1754s  eta   125s
   shard16 [   71/75  94.7%] |##########################--| elapsed  1779s  eta   100s
   shard16 [   72/75  96.0%] |##########################--| elapsed  1804s  eta    75s
   shard16 [   73/75  97.3%] |###########################-| elapsed  1830s  eta    50s
   shard16 [   74/75  98.7%] |###########################-| elapsed  1855s  eta    25s
   shard16 [   75/75 100.0%] |############################| elapsed  1880s  eta     0s
>> wrote /home1/hahall/OpticalReefUseCase2/OpticalReefUseCase2/parts_sens/part_0016.npz
