using python: /home1/hahall/.conda/envs/optical_reef/bin/python
>> model: 30,000 sim stars (of 80,778 full), 600 draws | design D=15.0m contrast=1e-10 k_OWA=32 t=360min
>> shard 3/20: 75 of 1500 draws
   shard3 [    1/75   1.3%] |----------------------------| elapsed    16s  eta  1161s
   shard3 [    2/75   2.7%] |----------------------------| elapsed    31s  eta  1144s
   shard3 [    3/75   4.0%] |#---------------------------| elapsed    47s  eta  1128s
   shard3 [    4/75   5.3%] |#---------------------------| elapsed    63s  eta  1112s
   shard3 [    5/75   6.7%] |#---------------------------| elapsed    78s  eta  1097s
   shard3 [    6/75   8.0%] |##--------------------------| elapsed    94s  eta  1081s
   shard3 [    7/75   9.3%] |##--------------------------| elapsed   110s  eta  1065s
   shard3 [    8/75  10.7%] |##--------------------------| elapsed   125s  eta  1049s
   shard3 [    9/75  12.0%] |###-------------------------| elapsed   141s  eta  1033s
   shard3 [   10/75  13.3%] |###-------------------------| elapsed   157s  eta  1018s
   shard3 [   11/75  14.7%] |####------------------------| elapsed   172s  eta  1002s
   shard3 [   12/75  16.0%] |####------------------------| elapsed   188s  eta   986s
   shard3 [   13/75  17.3%] |####------------------------| elapsed   203s  eta   971s
   shard3 [   14/75  18.7%] |#####-----------------------| elapsed   219s  eta   955s
   shard3 [   15/75  20.0%] |#####-----------------------| elapsed   235s  eta   939s
   shard3 [   16/75  21.3%] |#####-----------------------| elapsed   250s  eta   923s
   shard3 [   17/75  22.7%] |######----------------------| elapsed   266s  eta   908s
   shard3 [   18/75  24.0%] |######----------------------| elapsed   282s  eta   892s
   shard3 [   19/75  25.3%] |#######---------------------| elapsed   297s  eta   876s
   shard3 [   20/75  26.7%] |#######---------------------| elapsed   313s  eta   861s
   shard3 [   21/75  28.0%] |#######---------------------| elapsed   329s  eta   845s
   shard3 [   22/75  29.3%] |########--------------------| elapsed   344s  eta   829s
   shard3 [   23/75  30.7%] |########--------------------| elapsed   360s  eta   814s
   shard3 [   24/75  32.0%] |########--------------------| elapsed   376s  eta   798s
   shard3 [   25/75  33.3%] |#########-------------------| elapsed   391s  eta   782s
   shard3 [   26/75  34.7%] |#########-------------------| elapsed   407s  eta   767s
   shard3 [   27/75  36.0%] |##########------------------| elapsed   423s  eta   751s
   shard3 [   28/75  37.3%] |##########------------------| elapsed   438s  eta   736s
   shard3 [   29/75  38.7%] |##########------------------| elapsed   454s  eta   720s
   shard3 [   30/75  40.0%] |###########-----------------| elapsed   469s  eta   704s
   shard3 [   31/75  41.3%] |###########-----------------| elapsed   485s  eta   689s
   shard3 [   32/75  42.7%] |###########-----------------| elapsed   501s  eta   673s
   shard3 [   33/75  44.0%] |############----------------| elapsed   516s  eta   657s
   shard3 [   34/75  45.3%] |############----------------| elapsed   532s  eta   642s
   shard3 [   35/75  46.7%] |#############---------------| elapsed   548s  eta   626s
   shard3 [   36/75  48.0%] |#############---------------| elapsed   563s  eta   610s
   shard3 [   37/75  49.3%] |#############---------------| elapsed   579s  eta   595s
   shard3 [   38/75  50.7%] |##############--------------| elapsed   595s  eta   579s
   shard3 [   39/75  52.0%] |##############--------------| elapsed   610s  eta   563s
   shard3 [   40/75  53.3%] |##############--------------| elapsed   626s  eta   548s
   shard3 [   41/75  54.7%] |###############-------------| elapsed   642s  eta   532s
   shard3 [   42/75  56.0%] |###############-------------| elapsed   657s  eta   516s
   shard3 [   43/75  57.3%] |################------------| elapsed   673s  eta   501s
   shard3 [   44/75  58.7%] |################------------| elapsed   689s  eta   485s
   shard3 [   45/75  60.0%] |################------------| elapsed   704s  eta   470s
   shard3 [   46/75  61.3%] |#################-----------| elapsed   720s  eta   454s
   shard3 [   47/75  62.7%] |#################-----------| elapsed   736s  eta   438s
   shard3 [   48/75  64.0%] |#################-----------| elapsed   751s  eta   423s
   shard3 [   49/75  65.3%] |##################----------| elapsed   767s  eta   407s
   shard3 [   50/75  66.7%] |##################----------| elapsed   783s  eta   391s
   shard3 [   51/75  68.0%] |###################---------| elapsed   798s  eta   376s
   shard3 [   52/75  69.3%] |###################---------| elapsed   814s  eta   360s
   shard3 [   53/75  70.7%] |###################---------| elapsed   830s  eta   344s
   shard3 [   54/75  72.0%] |####################--------| elapsed   845s  eta   329s
   shard3 [   55/75  73.3%] |####################--------| elapsed   861s  eta   313s
   shard3 [   56/75  74.7%] |####################--------| elapsed   877s  eta   297s
   shard3 [   57/75  76.0%] |#####################-------| elapsed   892s  eta   282s
   shard3 [   58/75  77.3%] |#####################-------| elapsed   908s  eta   266s
   shard3 [   59/75  78.7%] |######################------| elapsed   924s  eta   250s
   shard3 [   60/75  80.0%] |######################------| elapsed   939s  eta   235s
   shard3 [   61/75  81.3%] |######################------| elapsed   955s  eta   219s
   shard3 [   62/75  82.7%] |#######################-----| elapsed   971s  eta   203s
   shard3 [   63/75  84.0%] |#######################-----| elapsed   986s  eta   188s
   shard3 [   64/75  85.3%] |#######################-----| elapsed  1002s  eta   172s
   shard3 [   65/75  86.7%] |########################----| elapsed  1017s  eta   157s
   shard3 [   66/75  88.0%] |########################----| elapsed  1033s  eta   141s
   shard3 [   67/75  89.3%] |#########################---| elapsed  1049s  eta   125s
   shard3 [   68/75  90.7%] |#########################---| elapsed  1064s  eta   110s
   shard3 [   69/75  92.0%] |#########################---| elapsed  1080s  eta    94s
   shard3 [   70/75  93.3%] |##########################--| elapsed  1096s  eta    78s
   shard3 [   71/75  94.7%] |##########################--| elapsed  1111s  eta    63s
   shard3 [   72/75  96.0%] |##########################--| elapsed  1127s  eta    47s
   shard3 [   73/75  97.3%] |###########################-| elapsed  1143s  eta    31s
   shard3 [   74/75  98.7%] |###########################-| elapsed  1159s  eta    16s
   shard3 [   75/75 100.0%] |############################| elapsed  1174s  eta     0s
>> wrote /home1/hahall/OpticalReefUseCase2/OpticalReefUseCase2/parts_sens/part_0003.npz
