using python: /home1/hahall/.conda/envs/optical_reef/bin/python
>> model: 30,000 sim stars (of 80,778 full), 600 draws | design D=15.0m contrast=1e-10 k_OWA=32 t=360min
>> shard 10/20: 75 of 1500 draws
   shard10 [    1/75   1.3%] |----------------------------| elapsed    19s  eta  1440s
   shard10 [    2/75   2.7%] |----------------------------| elapsed    39s  eta  1423s
   shard10 [    3/75   4.0%] |#---------------------------| elapsed    58s  eta  1398s
   shard10 [    4/75   5.3%] |#---------------------------| elapsed    78s  eta  1379s
   shard10 [    5/75   6.7%] |#---------------------------| elapsed    97s  eta  1361s
   shard10 [    6/75   8.0%] |##--------------------------| elapsed   117s  eta  1345s
   shard10 [    7/75   9.3%] |##--------------------------| elapsed   137s  eta  1333s
   shard10 [    8/75  10.7%] |##--------------------------| elapsed   157s  eta  1319s
   shard10 [    9/75  12.0%] |###-------------------------| elapsed   178s  eta  1303s
   shard10 [   10/75  13.3%] |###-------------------------| elapsed   198s  eta  1287s
   shard10 [   11/75  14.7%] |####------------------------| elapsed   219s  eta  1272s
   shard10 [   12/75  16.0%] |####------------------------| elapsed   238s  eta  1249s
   shard10 [   13/75  17.3%] |####------------------------| elapsed   257s  eta  1228s
   shard10 [   14/75  18.7%] |#####-----------------------| elapsed   277s  eta  1206s
   shard10 [   15/75  20.0%] |#####-----------------------| elapsed   296s  eta  1185s
   shard10 [   16/75  21.3%] |#####-----------------------| elapsed   315s  eta  1162s
   shard10 [   17/75  22.7%] |######----------------------| elapsed   335s  eta  1142s
   shard10 [   18/75  24.0%] |######----------------------| elapsed   354s  eta  1121s
   shard10 [   19/75  25.3%] |#######---------------------| elapsed   374s  eta  1101s
   shard10 [   20/75  26.7%] |#######---------------------| elapsed   393s  eta  1081s
   shard10 [   21/75  28.0%] |#######---------------------| elapsed   412s  eta  1061s
   shard10 [   22/75  29.3%] |########--------------------| elapsed   432s  eta  1040s
   shard10 [   23/75  30.7%] |########--------------------| elapsed   451s  eta  1020s
   shard10 [   24/75  32.0%] |########--------------------| elapsed   470s  eta   999s
   shard10 [   25/75  33.3%] |#########-------------------| elapsed   490s  eta   980s
   shard10 [   26/75  34.7%] |#########-------------------| elapsed   510s  eta   961s
   shard10 [   27/75  36.0%] |##########------------------| elapsed   530s  eta   942s
   shard10 [   28/75  37.3%] |##########------------------| elapsed   550s  eta   924s
   shard10 [   29/75  38.7%] |##########------------------| elapsed   570s  eta   905s
   shard10 [   30/75  40.0%] |###########-----------------| elapsed   591s  eta   886s
   shard10 [   31/75  41.3%] |###########-----------------| elapsed   611s  eta   867s
   shard10 [   32/75  42.7%] |###########-----------------| elapsed   630s  eta   846s
   shard10 [   33/75  44.0%] |############----------------| elapsed   649s  eta   826s
   shard10 [   34/75  45.3%] |############----------------| elapsed   669s  eta   807s
   shard10 [   35/75  46.7%] |#############---------------| elapsed   688s  eta   787s
   shard10 [   36/75  48.0%] |#############---------------| elapsed   708s  eta   767s
   shard10 [   37/75  49.3%] |#############---------------| elapsed   727s  eta   747s
   shard10 [   38/75  50.7%] |##############--------------| elapsed   747s  eta   727s
   shard10 [   39/75  52.0%] |##############--------------| elapsed   766s  eta   707s
   shard10 [   40/75  53.3%] |##############--------------| elapsed   786s  eta   688s
   shard10 [   41/75  54.7%] |###############-------------| elapsed   805s  eta   668s
   shard10 [   42/75  56.0%] |###############-------------| elapsed   825s  eta   648s
   shard10 [   43/75  57.3%] |################------------| elapsed   844s  eta   628s
   shard10 [   44/75  58.7%] |################------------| elapsed   864s  eta   609s
   shard10 [   45/75  60.0%] |################------------| elapsed   883s  eta   589s
   shard10 [   46/75  61.3%] |#################-----------| elapsed   904s  eta   570s
   shard10 [   47/75  62.7%] |#################-----------| elapsed   924s  eta   550s
   shard10 [   48/75  64.0%] |#################-----------| elapsed   944s  eta   531s
   shard10 [   49/75  65.3%] |##################----------| elapsed   964s  eta   511s
   shard10 [   50/75  66.7%] |##################----------| elapsed   984s  eta   492s
   shard10 [   51/75  68.0%] |###################---------| elapsed  1004s  eta   472s
   shard10 [   52/75  69.3%] |###################---------| elapsed  1023s  eta   452s
   shard10 [   53/75  70.7%] |###################---------| elapsed  1041s  eta   432s
   shard10 [   54/75  72.0%] |####################--------| elapsed  1060s  eta   412s
   shard10 [   55/75  73.3%] |####################--------| elapsed  1078s  eta   392s
   shard10 [   56/75  74.7%] |####################--------| elapsed  1098s  eta   372s
   shard10 [   57/75  76.0%] |#####################-------| elapsed  1117s  eta   353s
   shard10 [   58/75  77.3%] |#####################-------| elapsed  1136s  eta   333s
   shard10 [   59/75  78.7%] |######################------| elapsed  1156s  eta   313s
   shard10 [   60/75  80.0%] |######################------| elapsed  1175s  eta   294s
   shard10 [   61/75  81.3%] |######################------| elapsed  1194s  eta   274s
   shard10 [   62/75  82.7%] |#######################-----| elapsed  1213s  eta   254s
   shard10 [   63/75  84.0%] |#######################-----| elapsed  1233s  eta   235s
   shard10 [   64/75  85.3%] |#######################-----| elapsed  1252s  eta   215s
   shard10 [   65/75  86.7%] |########################----| elapsed  1272s  eta   196s
   shard10 [   66/75  88.0%] |########################----| elapsed  1292s  eta   176s
   shard10 [   67/75  89.3%] |#########################---| elapsed  1312s  eta   157s
   shard10 [   68/75  90.7%] |#########################---| elapsed  1332s  eta   137s
   shard10 [   69/75  92.0%] |#########################---| elapsed  1352s  eta   118s
   shard10 [   70/75  93.3%] |##########################--| elapsed  1372s  eta    98s
   shard10 [   71/75  94.7%] |##########################--| elapsed  1392s  eta    78s
   shard10 [   72/75  96.0%] |##########################--| elapsed  1411s  eta    59s
   shard10 [   73/75  97.3%] |###########################-| elapsed  1431s  eta    39s
   shard10 [   74/75  98.7%] |###########################-| elapsed  1450s  eta    20s
   shard10 [   75/75 100.0%] |############################| elapsed  1469s  eta     0s
>> wrote /home1/hahall/OpticalReefUseCase2/OpticalReefUseCase2/parts_sens/part_0010.npz
