using python: /home1/hahall/.conda/envs/optical_reef/bin/python
>> model: 30,000 sim stars (of 80,778 full), 600 draws | design D=15.0m contrast=1e-10 k_OWA=32 t=360min
>> shard 13/20: 75 of 1500 draws
   shard13 [    1/75   1.3%] |----------------------------| elapsed    27s  eta  1980s
   shard13 [    2/75   2.7%] |----------------------------| elapsed    53s  eta  1942s
   shard13 [    3/75   4.0%] |#---------------------------| elapsed    80s  eta  1911s
   shard13 [    4/75   5.3%] |#---------------------------| elapsed   106s  eta  1879s
   shard13 [    5/75   6.7%] |#---------------------------| elapsed   132s  eta  1854s
   shard13 [    6/75   8.0%] |##--------------------------| elapsed   159s  eta  1824s
   shard13 [    7/75   9.3%] |##--------------------------| elapsed   185s  eta  1799s
   shard13 [    8/75  10.7%] |##--------------------------| elapsed   212s  eta  1775s
   shard13 [    9/75  12.0%] |###-------------------------| elapsed   238s  eta  1749s
   shard13 [   10/75  13.3%] |###-------------------------| elapsed   265s  eta  1722s
   shard13 [   11/75  14.7%] |####------------------------| elapsed   291s  eta  1694s
   shard13 [   12/75  16.0%] |####------------------------| elapsed   317s  eta  1666s
   shard13 [   13/75  17.3%] |####------------------------| elapsed   344s  eta  1639s
   shard13 [   14/75  18.7%] |#####-----------------------| elapsed   370s  eta  1612s
   shard13 [   15/75  20.0%] |#####-----------------------| elapsed   396s  eta  1586s
   shard13 [   16/75  21.3%] |#####-----------------------| elapsed   423s  eta  1559s
   shard13 [   17/75  22.7%] |######----------------------| elapsed   449s  eta  1532s
   shard13 [   18/75  24.0%] |######----------------------| elapsed   474s  eta  1501s
   shard13 [   19/75  25.3%] |#######---------------------| elapsed   499s  eta  1470s
   shard13 [   20/75  26.7%] |#######---------------------| elapsed   524s  eta  1441s
   shard13 [   21/75  28.0%] |#######---------------------| elapsed   549s  eta  1412s
   shard13 [   22/75  29.3%] |########--------------------| elapsed   574s  eta  1384s
   shard13 [   23/75  30.7%] |########--------------------| elapsed   600s  eta  1356s
   shard13 [   24/75  32.0%] |########--------------------| elapsed   625s  eta  1328s
   shard13 [   25/75  33.3%] |#########-------------------| elapsed   650s  eta  1301s
   shard13 [   26/75  34.7%] |#########-------------------| elapsed   676s  eta  1273s
   shard13 [   27/75  36.0%] |##########------------------| elapsed   701s  eta  1246s
   shard13 [   28/75  37.3%] |##########------------------| elapsed   726s  eta  1219s
   shard13 [   29/75  38.7%] |##########------------------| elapsed   752s  eta  1192s
   shard13 [   30/75  40.0%] |###########-----------------| elapsed   777s  eta  1166s
   shard13 [   31/75  41.3%] |###########-----------------| elapsed   802s  eta  1139s
   shard13 [   32/75  42.7%] |###########-----------------| elapsed   828s  eta  1112s
   shard13 [   33/75  44.0%] |############----------------| elapsed   853s  eta  1086s
   shard13 [   34/75  45.3%] |############----------------| elapsed   878s  eta  1059s
   shard13 [   35/75  46.7%] |#############---------------| elapsed   904s  eta  1033s
   shard13 [   36/75  48.0%] |#############---------------| elapsed   929s  eta  1007s
   shard13 [   37/75  49.3%] |#############---------------| elapsed   955s  eta   980s
   shard13 [   38/75  50.7%] |##############--------------| elapsed   980s  eta   954s
   shard13 [   39/75  52.0%] |##############--------------| elapsed  1005s  eta   928s
   shard13 [   40/75  53.3%] |##############--------------| elapsed  1030s  eta   902s
   shard13 [   41/75  54.7%] |###############-------------| elapsed  1056s  eta   875s
   shard13 [   42/75  56.0%] |###############-------------| elapsed  1081s  eta   849s
   shard13 [   43/75  57.3%] |################------------| elapsed  1106s  eta   823s
   shard13 [   44/75  58.7%] |################------------| elapsed  1132s  eta   797s
   shard13 [   45/75  60.0%] |################------------| elapsed  1157s  eta   772s
   shard13 [   46/75  61.3%] |#################-----------| elapsed  1183s  eta   746s
   shard13 [   47/75  62.7%] |#################-----------| elapsed  1208s  eta   720s
   shard13 [   48/75  64.0%] |#################-----------| elapsed  1233s  eta   694s
   shard13 [   49/75  65.3%] |##################----------| elapsed  1259s  eta   668s
   shard13 [   50/75  66.7%] |##################----------| elapsed  1284s  eta   642s
   shard13 [   51/75  68.0%] |###################---------| elapsed  1309s  eta   616s
   shard13 [   52/75  69.3%] |###################---------| elapsed  1335s  eta   590s
   shard13 [   53/75  70.7%] |###################---------| elapsed  1360s  eta   565s
   shard13 [   54/75  72.0%] |####################--------| elapsed  1385s  eta   539s
   shard13 [   55/75  73.3%] |####################--------| elapsed  1411s  eta   513s
   shard13 [   56/75  74.7%] |####################--------| elapsed  1436s  eta   487s
   shard13 [   57/75  76.0%] |#####################-------| elapsed  1462s  eta   462s
   shard13 [   58/75  77.3%] |#####################-------| elapsed  1487s  eta   436s
   shard13 [   59/75  78.7%] |######################------| elapsed  1512s  eta   410s
   shard13 [   60/75  80.0%] |######################------| elapsed  1537s  eta   384s
   shard13 [   61/75  81.3%] |######################------| elapsed  1563s  eta   359s
   shard13 [   62/75  82.7%] |#######################-----| elapsed  1588s  eta   333s
   shard13 [   63/75  84.0%] |#######################-----| elapsed  1613s  eta   307s
   shard13 [   64/75  85.3%] |#######################-----| elapsed  1639s  eta   282s
   shard13 [   65/75  86.7%] |########################----| elapsed  1664s  eta   256s
   shard13 [   66/75  88.0%] |########################----| elapsed  1690s  eta   230s
   shard13 [   67/75  89.3%] |#########################---| elapsed  1715s  eta   205s
   shard13 [   68/75  90.7%] |#########################---| elapsed  1740s  eta   179s
   shard13 [   69/75  92.0%] |#########################---| elapsed  1766s  eta   154s
   shard13 [   70/75  93.3%] |##########################--| elapsed  1791s  eta   128s
   shard13 [   71/75  94.7%] |##########################--| elapsed  1816s  eta   102s
   shard13 [   72/75  96.0%] |##########################--| elapsed  1842s  eta    77s
   shard13 [   73/75  97.3%] |###########################-| elapsed  1867s  eta    51s
   shard13 [   74/75  98.7%] |###########################-| elapsed  1892s  eta    26s
   shard13 [   75/75 100.0%] |############################| elapsed  1917s  eta     0s
>> wrote /home1/hahall/OpticalReefUseCase2/OpticalReefUseCase2/parts_sens/part_0013.npz
